RL1 33 update 101 seconds 10.32
RL1 33 update 102 seconds 10.25
RL1 33 update 103 seconds 10.4
RL1 33 update 104 seconds 10.16
RL1 33 update 105 seconds 9.96
RL1 33 update 106 seconds 9.69
RL1 33 update 107 seconds 9.49
RL1 33 update 108 seconds 9.84
RL1 33 update 109 seconds 10.23
RL1 33 update 110 seconds 9.89
RL1 33 update 111 seconds 10.02
RL1 33 update 112 seconds 9.68
RL1 33 update 113 seconds 10.18
RL1 33 update 114 seconds 10.63
RL1 33 update 115 seconds 10.21
RL1 33 update 116 seconds 8.64
RL1 33 update 117 seconds 8.9
RL1 33 update 118 seconds 10.51
RL1 33 update 119 seconds 10.61
RL1 33 update 120 seconds 10.31
RL1 33 update 121 seconds 11.07
RL1 33 update 122 seconds 10.63
RL1 33 update 123 seconds 10.55
RL1 33 update 124 seconds 10.84
RL1 33 update 125 seconds 8.98
RL1 33 update 126 seconds 9.71
RL1 33 update 127 seconds 9.95
RL1 33 update 128 seconds 10.21
RL1 33 update 129 seconds 10.33
RL1 33 update 130 seconds 10.31
RL1 33 update 131 seconds 10.77
RL1 33 update 132 seconds 10.36
RL1 33 update 133 seconds 10.47
RL1 33 update 134 seconds 10.44
RL1 33 update 135 seconds 9.46
RL1 33 update 136 seconds 9.38
RL1 33 update 137 seconds 9.33
RL1 33 update 138 seconds 10.16
RL1 33 update 139 seconds 10.6
RL1 33 update 140 seconds 10.06
RL1 33 update 141 seconds 11.77
RL1 33 update 142 seconds 10.47
RL1 33 update 143 seconds 10.43
RL1 33 update 144 seconds 10.53
RL1 33 update 145 seconds 10.45
RL1 33 update 146 seconds 8.84
RL1 33 update 147 seconds 9.0
RL1 33 update 148 seconds 8.95
RL1 33 update 149 seconds 8.65
RL1 33 update 150 seconds 8.57
RL1 33 update 151 seconds 10.37
RL1 33 update 152 seconds 10.22
RL1 33 update 153 seconds 8.94
RL1 33 update 154 seconds 9.07
RL1 33 update 155 seconds 10.28
RL1 33 update 156 seconds 10.77
RL1 33 update 157 seconds 10.62
RL1 33 update 158 seconds 10.5
RL1 33 update 159 seconds 10.65
RL1 33 update 160 seconds 10.15
RL1 33 update 161 seconds 10.74
RL1 33 update 162 seconds 11.02
RL1 33 update 163 seconds 9.1
RL1 33 update 164 seconds 8.83
RL1 33 update 165 seconds 9.28
RL1 33 update 166 seconds 10.29
RL1 33 update 167 seconds 10.46
RL1 33 update 168 seconds 10.42
RL1 33 update 169 seconds 10.5
RL1 33 update 170 seconds 10.5
RL1 33 update 171 seconds 10.27
RL1 33 update 172 seconds 9.74
RL1 33 update 173 seconds 10.38
RL1 33 update 174 seconds 9.4
RL1 33 update 175 seconds 9.71
RL1 33 update 176 seconds 10.39
RL1 33 update 177 seconds 10.35
RL1 33 update 178 seconds 10.54
RL1 33 update 179 seconds 10.11
RL1 33 update 180 seconds 10.24
RL1 33 update 181 seconds 10.38
RL1 33 update 182 seconds 10.47
RL1 33 update 183 seconds 10.0
RL1 33 update 184 seconds 10.06
RL1 33 update 185 seconds 10.21
RL1 33 update 186 seconds 10.35
RL1 33 update 187 seconds 9.9
RL1 33 update 188 seconds 10.12
RL1 33 update 189 seconds 10.29
RL1 33 update 190 seconds 10.44
RL1 33 update 191 seconds 10.83
RL1 33 update 192 seconds 11.21
RL1 33 update 193 seconds 9.03
RL1 33 update 194 seconds 8.86
RL1 33 update 195 seconds 8.96
RL1 33 update 196 seconds 8.89
RL1 33 update 197 seconds 8.89
RL1 33 update 198 seconds 8.62
RL1 33 update 199 seconds 8.63
RL1 33 update 200 seconds 8.63
