RL1 11 update 201 seconds 11.27
RL1 11 update 202 seconds 11.06
RL1 11 update 203 seconds 11.19
RL1 11 update 204 seconds 10.82
RL1 11 update 205 seconds 10.82
RL1 11 update 206 seconds 11.08
RL1 11 update 207 seconds 11.15
RL1 11 update 208 seconds 11.0
RL1 11 update 209 seconds 11.05
RL1 11 update 210 seconds 10.74
RL1 11 update 211 seconds 9.95
RL1 11 update 212 seconds 9.53
RL1 11 update 213 seconds 10.05
RL1 11 update 214 seconds 10.17
RL1 11 update 215 seconds 10.45
RL1 11 update 216 seconds 10.61
RL1 11 update 217 seconds 10.25
RL1 11 update 218 seconds 10.33
RL1 11 update 219 seconds 10.26
RL1 11 update 220 seconds 10.08
RL1 11 update 221 seconds 8.79
RL1 11 update 222 seconds 9.08
RL1 11 update 223 seconds 10.16
RL1 11 update 224 seconds 10.99
RL1 11 update 225 seconds 10.34
RL1 11 update 226 seconds 10.24
RL1 11 update 227 seconds 10.26
RL1 11 update 228 seconds 10.22
RL1 11 update 229 seconds 10.64
RL1 11 update 230 seconds 10.1
RL1 11 update 231 seconds 9.04
RL1 11 update 232 seconds 10.22
RL1 11 update 233 seconds 10.1
RL1 11 update 234 seconds 10.29
RL1 11 update 235 seconds 10.68
RL1 11 update 236 seconds 10.47
RL1 11 update 237 seconds 10.17
RL1 11 update 238 seconds 10.47
RL1 11 update 239 seconds 10.68
RL1 11 update 240 seconds 10.74
RL1 11 update 241 seconds 9.24
RL1 11 update 242 seconds 11.53
RL1 11 update 243 seconds 11.5
RL1 11 update 244 seconds 10.9
RL1 11 update 245 seconds 11.41
RL1 11 update 246 seconds 11.46
RL1 11 update 247 seconds 11.12
RL1 11 update 248 seconds 11.39
RL1 11 update 249 seconds 11.35
RL1 11 update 250 seconds 11.36
RL1 11 update 251 seconds 10.46
RL1 11 update 252 seconds 10.37
RL1 11 update 253 seconds 10.4
RL1 11 update 254 seconds 10.48
RL1 11 update 255 seconds 10.36
RL1 11 update 256 seconds 10.1
RL1 11 update 257 seconds 9.4
RL1 11 update 258 seconds 9.12
RL1 11 update 259 seconds 10.98
RL1 11 update 260 seconds 10.63
RL1 11 update 261 seconds 10.45
RL1 11 update 262 seconds 10.34
RL1 11 update 263 seconds 10.12
RL1 11 update 264 seconds 10.52
RL1 11 update 265 seconds 10.64
RL1 11 update 266 seconds 10.5
RL1 11 update 267 seconds 9.38
RL1 11 update 268 seconds 9.32
RL1 11 update 269 seconds 10.28
RL1 11 update 270 seconds 10.69
RL1 11 update 271 seconds 10.67
RL1 11 update 272 seconds 10.71
RL1 11 update 273 seconds 10.31
RL1 11 update 274 seconds 10.67
RL1 11 update 275 seconds 10.6
RL1 11 update 276 seconds 10.37
RL1 11 update 277 seconds 8.97
RL1 11 update 278 seconds 10.09
RL1 11 update 279 seconds 10.49
RL1 11 update 280 seconds 10.57
RL1 11 update 281 seconds 10.72
RL1 11 update 282 seconds 10.79
RL1 11 update 283 seconds 10.55
RL1 11 update 284 seconds 10.2
RL1 11 update 285 seconds 10.77
RL1 11 update 286 seconds 10.52
RL1 11 update 287 seconds 9.04
RL1 11 update 288 seconds 10.16
RL1 11 update 289 seconds 10.57
RL1 11 update 290 seconds 10.46
RL1 11 update 291 seconds 10.39
RL1 11 update 292 seconds 10.56
RL1 11 update 293 seconds 10.05
RL1 11 update 294 seconds 10.17
RL1 11 update 295 seconds 10.28
RL1 11 update 296 seconds 10.5
RL1 11 update 297 seconds 9.35
RL1 11 update 298 seconds 8.57
RL1 11 update 299 seconds 8.53
RL1 11 update 300 seconds 8.83
RL1 11 update 301 seconds 10.76
RL1 11 update 302 seconds 10.79
RL1 11 update 303 seconds 10.7
RL1 11 update 304 seconds 10.67
RL1 11 update 305 seconds 9.55
RL1 11 update 306 seconds 9.07
RL1 11 update 307 seconds 10.9
RL1 11 update 308 seconds 10.88
RL1 11 update 309 seconds 11.13
RL1 11 update 310 seconds 10.97
RL1 11 update 311 seconds 10.53
RL1 11 update 312 seconds 10.88
RL1 11 update 313 seconds 10.48
RL1 11 update 314 seconds 10.48
RL1 11 update 315 seconds 9.78
RL1 11 update 316 seconds 9.29
RL1 11 update 317 seconds 10.6
RL1 11 update 318 seconds 10.53
RL1 11 update 319 seconds 10.42
RL1 11 update 320 seconds 10.94
RL1 11 update 321 seconds 11.18
RL1 11 update 322 seconds 10.81
RL1 11 update 323 seconds 10.59
RL1 11 update 324 seconds 10.51
RL1 11 update 325 seconds 10.24
RL1 11 update 326 seconds 9.2
RL1 11 update 327 seconds 10.38
RL1 11 update 328 seconds 10.61
RL1 11 update 329 seconds 10.49
RL1 11 update 330 seconds 10.63
RL1 11 update 331 seconds 10.45
RL1 11 update 332 seconds 10.63
RL1 11 update 333 seconds 10.66
RL1 11 update 334 seconds 10.49
RL1 11 update 335 seconds 10.8
RL1 11 update 336 seconds 10.77
RL1 11 update 337 seconds 9.21
RL1 11 update 338 seconds 11.5
RL1 11 update 339 seconds 11.48
RL1 11 update 340 seconds 11.39
RL1 11 update 341 seconds 10.59
RL1 11 update 342 seconds 10.62
RL1 11 update 343 seconds 10.5
RL1 11 update 344 seconds 10.46
RL1 11 update 345 seconds 10.69
RL1 11 update 346 seconds 9.73
RL1 11 update 347 seconds 9.32
RL1 11 update 348 seconds 8.93
RL1 11 update 349 seconds 8.96
RL1 11 update 350 seconds 8.88
RL1 11 update 351 seconds 10.98
RL1 11 update 352 seconds 10.96
RL1 11 update 353 seconds 10.92
RL1 11 update 354 seconds 11.16
RL1 11 update 355 seconds 11.16
RL1 11 update 356 seconds 11.32
RL1 11 update 357 seconds 10.93
RL1 11 update 358 seconds 8.9
RL1 11 update 359 seconds 9.81
RL1 11 update 360 seconds 10.77
RL1 11 update 361 seconds 10.7
RL1 11 update 362 seconds 10.87
RL1 11 update 363 seconds 11.08
RL1 11 update 364 seconds 10.79
RL1 11 update 365 seconds 10.94
RL1 11 update 366 seconds 10.88
RL1 11 update 367 seconds 10.73
RL1 11 update 368 seconds 8.74
RL1 11 update 369 seconds 9.12
RL1 11 update 370 seconds 10.91
RL1 11 update 371 seconds 11.02
RL1 11 update 372 seconds 10.79
RL1 11 update 373 seconds 11.18
RL1 11 update 374 seconds 11.16
RL1 11 update 375 seconds 11.3
RL1 11 update 376 seconds 11.11
RL1 11 update 377 seconds 10.95
RL1 11 update 378 seconds 11.12
RL1 11 update 379 seconds 9.12
RL1 11 update 380 seconds 11.21
RL1 11 update 381 seconds 10.68
RL1 11 update 382 seconds 10.68
RL1 11 update 383 seconds 10.58
RL1 11 update 384 seconds 10.73
RL1 11 update 385 seconds 10.91
RL1 11 update 386 seconds 11.2
RL1 11 update 387 seconds 11.03
RL1 11 update 388 seconds 10.59
RL1 11 update 389 seconds 9.58
RL1 11 update 390 seconds 10.86
RL1 11 update 391 seconds 10.76
RL1 11 update 392 seconds 11.14
RL1 11 update 393 seconds 11.06
RL1 11 update 394 seconds 11.07
RL1 11 update 395 seconds 11.05
RL1 11 update 396 seconds 11.29
RL1 11 update 397 seconds 10.98
RL1 11 update 398 seconds 9.17
RL1 11 update 399 seconds 9.24
RL1 11 update 400 seconds 8.95
