RL1 11 update 101 seconds 11.13
RL1 11 update 102 seconds 10.85
RL1 11 update 103 seconds 10.7
RL1 11 update 104 seconds 10.81
RL1 11 update 105 seconds 10.27
RL1 11 update 106 seconds 10.31
RL1 11 update 107 seconds 10.59
RL1 11 update 108 seconds 10.25
RL1 11 update 109 seconds 10.5
RL1 11 update 110 seconds 10.76
RL1 11 update 111 seconds 10.52
RL1 11 update 112 seconds 10.21
RL1 11 update 113 seconds 10.37
RL1 11 update 114 seconds 10.7
RL1 11 update 115 seconds 10.45
RL1 11 update 116 seconds 10.19
RL1 11 update 117 seconds 10.47
RL1 11 update 118 seconds 10.22
RL1 11 update 119 seconds 10.81
RL1 11 update 120 seconds 8.87
RL1 11 update 121 seconds 10.62
RL1 11 update 122 seconds 10.82
RL1 11 update 123 seconds 10.66
RL1 11 update 124 seconds 10.9
RL1 11 update 125 seconds 10.89
RL1 11 update 126 seconds 10.71
RL1 11 update 127 seconds 10.54
RL1 11 update 128 seconds 11.01
RL1 11 update 129 seconds 10.78
RL1 11 update 130 seconds 8.77
RL1 11 update 131 seconds 10.23
RL1 11 update 132 seconds 10.08
RL1 11 update 133 seconds 9.91
RL1 11 update 134 seconds 9.72
RL1 11 update 135 seconds 10.01
RL1 11 update 136 seconds 10.02
RL1 11 update 137 seconds 9.94
RL1 11 update 138 seconds 9.98
RL1 11 update 139 seconds 9.37
RL1 11 update 140 seconds 9.3
RL1 11 update 141 seconds 10.13
RL1 11 update 142 seconds 10.27
RL1 11 update 143 seconds 10.36
RL1 11 update 144 seconds 10.04
RL1 11 update 145 seconds 9.91
RL1 11 update 146 seconds 10.03
RL1 11 update 147 seconds 10.0
RL1 11 update 148 seconds 9.99
RL1 11 update 149 seconds 8.6
RL1 11 update 150 seconds 8.85
RL1 11 update 151 seconds 10.46
RL1 11 update 152 seconds 10.73
RL1 11 update 153 seconds 10.59
RL1 11 update 154 seconds 10.37
RL1 11 update 155 seconds 8.98
RL1 11 update 156 seconds 10.02
RL1 11 update 157 seconds 10.44
RL1 11 update 158 seconds 10.52
RL1 11 update 159 seconds 10.47
RL1 11 update 160 seconds 10.45
RL1 11 update 161 seconds 10.6
RL1 11 update 162 seconds 9.94
RL1 11 update 163 seconds 10.02
RL1 11 update 164 seconds 9.99
RL1 11 update 165 seconds 8.7
RL1 11 update 166 seconds 8.9
RL1 11 update 167 seconds 10.46
RL1 11 update 168 seconds 10.48
RL1 11 update 169 seconds 10.67
RL1 11 update 170 seconds 10.3
RL1 11 update 171 seconds 10.35
RL1 11 update 172 seconds 10.37
RL1 11 update 173 seconds 10.09
RL1 11 update 174 seconds 10.06
RL1 11 update 175 seconds 9.1
RL1 11 update 176 seconds 10.02
RL1 11 update 177 seconds 9.58
RL1 11 update 178 seconds 9.83
RL1 11 update 179 seconds 10.15
RL1 11 update 180 seconds 10.67
RL1 11 update 181 seconds 10.64
RL1 11 update 182 seconds 10.54
RL1 11 update 183 seconds 10.34
RL1 11 update 184 seconds 10.22
RL1 11 update 185 seconds 8.78
RL1 11 update 186 seconds 8.66
RL1 11 update 187 seconds 9.39
RL1 11 update 188 seconds 10.1
RL1 11 update 189 seconds 10.14
RL1 11 update 190 seconds 9.58
RL1 11 update 191 seconds 10.75
RL1 11 update 192 seconds 10.57
RL1 11 update 193 seconds 10.28
RL1 11 update 194 seconds 10.53
RL1 11 update 195 seconds 10.31
RL1 11 update 196 seconds 9.07
RL1 11 update 197 seconds 8.65
RL1 11 update 198 seconds 8.66
RL1 11 update 199 seconds 8.83
RL1 11 update 200 seconds 8.87
