RL1 22 update 101 seconds 8.88
RL1 22 update 102 seconds 8.36
RL1 22 update 103 seconds 8.41
RL1 22 update 104 seconds 8.42
RL1 22 update 105 seconds 9.74
RL1 22 update 106 seconds 10.31
RL1 22 update 107 seconds 10.17
RL1 22 update 108 seconds 10.04
RL1 22 update 109 seconds 10.08
RL1 22 update 110 seconds 10.16
RL1 22 update 111 seconds 10.27
RL1 22 update 112 seconds 9.82
RL1 22 update 113 seconds 9.84
RL1 22 update 114 seconds 8.88
RL1 22 update 115 seconds 8.89
RL1 22 update 116 seconds 10.03
RL1 22 update 117 seconds 10.11
RL1 22 update 118 seconds 9.98
RL1 22 update 119 seconds 10.16
RL1 22 update 120 seconds 10.03
RL1 22 update 121 seconds 10.82
RL1 22 update 122 seconds 10.46
RL1 22 update 123 seconds 10.48
RL1 22 update 124 seconds 8.99
RL1 22 update 125 seconds 8.81
RL1 22 update 126 seconds 9.03
RL1 22 update 127 seconds 10.61
RL1 22 update 128 seconds 10.53
RL1 22 update 129 seconds 10.44
RL1 22 update 130 seconds 10.7
RL1 22 update 131 seconds 10.39
RL1 22 update 132 seconds 10.12
RL1 22 update 133 seconds 10.26
RL1 22 update 134 seconds 10.31
RL1 22 update 135 seconds 9.17
RL1 22 update 136 seconds 9.97
RL1 22 update 137 seconds 10.38
RL1 22 update 138 seconds 10.65
RL1 22 update 139 seconds 10.21
RL1 22 update 140 seconds 10.01
RL1 22 update 141 seconds 10.12
RL1 22 update 142 seconds 10.29
RL1 22 update 143 seconds 10.19
RL1 22 update 144 seconds 8.96
RL1 22 update 145 seconds 9.57
RL1 22 update 146 seconds 11.08
RL1 22 update 147 seconds 10.36
RL1 22 update 148 seconds 10.38
RL1 22 update 149 seconds 10.31
RL1 22 update 150 seconds 10.62
RL1 22 update 151 seconds 9.29
RL1 22 update 152 seconds 8.86
RL1 22 update 153 seconds 8.66
RL1 22 update 154 seconds 8.7
RL1 22 update 155 seconds 8.58
RL1 22 update 156 seconds 8.63
RL1 22 update 157 seconds 8.67
RL1 22 update 158 seconds 9.62
RL1 22 update 159 seconds 10.05
RL1 22 update 160 seconds 10.09
RL1 22 update 161 seconds 10.45
RL1 22 update 162 seconds 10.66
RL1 22 update 163 seconds 10.8
RL1 22 update 164 seconds 10.42
RL1 22 update 165 seconds 10.67
RL1 22 update 166 seconds 10.25
RL1 22 update 167 seconds 8.29
RL1 22 update 168 seconds 9.0
RL1 22 update 169 seconds 10.42
RL1 22 update 170 seconds 10.66
RL1 22 update 171 seconds 10.58
RL1 22 update 172 seconds 10.38
RL1 22 update 173 seconds 10.46
RL1 22 update 174 seconds 10.39
RL1 22 update 175 seconds 10.6
RL1 22 update 176 seconds 9.03
RL1 22 update 177 seconds 9.73
RL1 22 update 178 seconds 10.08
RL1 22 update 179 seconds 10.31
RL1 22 update 180 seconds 10.2
RL1 22 update 181 seconds 10.53
RL1 22 update 182 seconds 10.15
RL1 22 update 183 seconds 10.11
RL1 22 update 184 seconds 10.18
RL1 22 update 185 seconds 10.35
RL1 22 update 186 seconds 9.17
RL1 22 update 187 seconds 8.93
RL1 22 update 188 seconds 10.13
RL1 22 update 189 seconds 10.21
RL1 22 update 190 seconds 10.49
RL1 22 update 191 seconds 10.16
RL1 22 update 192 seconds 9.99
RL1 22 update 193 seconds 10.0
RL1 22 update 194 seconds 10.26
RL1 22 update 195 seconds 10.5
RL1 22 update 196 seconds 10.04
RL1 22 update 197 seconds 9.11
RL1 22 update 198 seconds 8.92
RL1 22 update 199 seconds 10.69
RL1 22 update 200 seconds 11.01
