RL1 22 update 201 seconds 11.18
RL1 22 update 202 seconds 11.23
RL1 22 update 203 seconds 11.13
RL1 22 update 204 seconds 11.12
RL1 22 update 205 seconds 11.26
RL1 22 update 206 seconds 11.13
RL1 22 update 207 seconds 11.04
RL1 22 update 208 seconds 10.93
RL1 22 update 209 seconds 11.08
RL1 22 update 210 seconds 11.04
RL1 22 update 211 seconds 10.62
RL1 22 update 212 seconds 10.27
RL1 22 update 213 seconds 10.28
RL1 22 update 214 seconds 10.24
RL1 22 update 215 seconds 10.36
RL1 22 update 216 seconds 10.6
RL1 22 update 217 seconds 10.39
RL1 22 update 218 seconds 10.32
RL1 22 update 219 seconds 10.34
RL1 22 update 220 seconds 10.27
RL1 22 update 221 seconds 9.09
RL1 22 update 222 seconds 10.63
RL1 22 update 223 seconds 10.72
RL1 22 update 224 seconds 10.83
RL1 22 update 225 seconds 10.96
RL1 22 update 226 seconds 11.21
RL1 22 update 227 seconds 10.84
RL1 22 update 228 seconds 10.69
RL1 22 update 229 seconds 11.2
RL1 22 update 230 seconds 11.59
RL1 22 update 231 seconds 9.13
RL1 22 update 232 seconds 10.68
RL1 22 update 233 seconds 10.86
RL1 22 update 234 seconds 11.14
RL1 22 update 235 seconds 11.15
RL1 22 update 236 seconds 11.16
RL1 22 update 237 seconds 11.34
RL1 22 update 238 seconds 11.37
RL1 22 update 239 seconds 11.23
RL1 22 update 240 seconds 11.52
RL1 22 update 241 seconds 8.98
RL1 22 update 242 seconds 10.22
RL1 22 update 243 seconds 10.66
RL1 22 update 244 seconds 10.44
RL1 22 update 245 seconds 10.42
RL1 22 update 246 seconds 10.5
RL1 22 update 247 seconds 10.66
RL1 22 update 248 seconds 10.53
RL1 22 update 249 seconds 10.51
RL1 22 update 250 seconds 10.25
RL1 22 update 251 seconds 8.77
RL1 22 update 252 seconds 8.84
RL1 22 update 253 seconds 9.67
RL1 22 update 254 seconds 10.26
RL1 22 update 255 seconds 10.37
RL1 22 update 256 seconds 10.55
RL1 22 update 257 seconds 10.76
RL1 22 update 258 seconds 10.52
RL1 22 update 259 seconds 10.37
RL1 22 update 260 seconds 10.61
RL1 22 update 261 seconds 9.98
RL1 22 update 262 seconds 9.59
RL1 22 update 263 seconds 10.43
RL1 22 update 264 seconds 10.59
RL1 22 update 265 seconds 10.81
RL1 22 update 266 seconds 10.79
RL1 22 update 267 seconds 10.33
RL1 22 update 268 seconds 10.4
RL1 22 update 269 seconds 10.9
RL1 22 update 270 seconds 10.69
RL1 22 update 271 seconds 9.35
RL1 22 update 272 seconds 9.59
RL1 22 update 273 seconds 10.53
RL1 22 update 274 seconds 10.58
RL1 22 update 275 seconds 10.62
RL1 22 update 276 seconds 10.59
RL1 22 update 277 seconds 10.72
RL1 22 update 278 seconds 10.73
RL1 22 update 279 seconds 10.81
RL1 22 update 280 seconds 10.64
RL1 22 update 281 seconds 10.3
RL1 22 update 282 seconds 9.32
RL1 22 update 283 seconds 9.39
RL1 22 update 284 seconds 10.67
RL1 22 update 285 seconds 11.1
RL1 22 update 286 seconds 11.23
RL1 22 update 287 seconds 10.75
RL1 22 update 288 seconds 10.71
RL1 22 update 289 seconds 10.59
RL1 22 update 290 seconds 11.08
RL1 22 update 291 seconds 10.79
RL1 22 update 292 seconds 10.3
RL1 22 update 293 seconds 9.6
RL1 22 update 294 seconds 10.66
RL1 22 update 295 seconds 10.52
RL1 22 update 296 seconds 10.7
RL1 22 update 297 seconds 10.63
RL1 22 update 298 seconds 11.03
RL1 22 update 299 seconds 11.05
RL1 22 update 300 seconds 10.66
RL1 22 update 301 seconds 8.84
RL1 22 update 302 seconds 9.3
RL1 22 update 303 seconds 8.97
RL1 22 update 304 seconds 10.1
RL1 22 update 305 seconds 10.47
RL1 22 update 306 seconds 10.33
RL1 22 update 307 seconds 10.35
RL1 22 update 308 seconds 10.35
RL1 22 update 309 seconds 10.17
RL1 22 update 310 seconds 10.45
RL1 22 update 311 seconds 10.89
RL1 22 update 312 seconds 10.85
RL1 22 update 313 seconds 9.17
RL1 22 update 314 seconds 9.16
RL1 22 update 315 seconds 10.04
RL1 22 update 316 seconds 10.71
RL1 22 update 317 seconds 10.84
RL1 22 update 318 seconds 10.83
RL1 22 update 319 seconds 10.78
RL1 22 update 320 seconds 10.61
RL1 22 update 321 seconds 10.53
RL1 22 update 322 seconds 10.81
RL1 22 update 323 seconds 9.64
RL1 22 update 324 seconds 9.26
RL1 22 update 325 seconds 10.09
RL1 22 update 326 seconds 10.8
RL1 22 update 327 seconds 10.7
RL1 22 update 328 seconds 10.86
RL1 22 update 329 seconds 10.86
RL1 22 update 330 seconds 10.98
RL1 22 update 331 seconds 11.06
RL1 22 update 332 seconds 10.94
RL1 22 update 333 seconds 11.25
RL1 22 update 334 seconds 11.44
RL1 22 update 335 seconds 9.36
RL1 22 update 336 seconds 10.75
RL1 22 update 337 seconds 10.8
RL1 22 update 338 seconds 10.73
RL1 22 update 339 seconds 10.84
RL1 22 update 340 seconds 10.96
RL1 22 update 341 seconds 11.44
RL1 22 update 342 seconds 11.47
RL1 22 update 343 seconds 11.28
RL1 22 update 344 seconds 9.05
RL1 22 update 345 seconds 10.92
RL1 22 update 346 seconds 11.26
RL1 22 update 347 seconds 11.14
RL1 22 update 348 seconds 11.37
RL1 22 update 349 seconds 11.62
RL1 22 update 350 seconds 11.49
RL1 22 update 351 seconds 8.98
RL1 22 update 352 seconds 9.08
RL1 22 update 353 seconds 8.96
RL1 22 update 354 seconds 8.98
RL1 22 update 355 seconds 9.13
RL1 22 update 356 seconds 11.06
RL1 22 update 357 seconds 11.26
RL1 22 update 358 seconds 10.91
RL1 22 update 359 seconds 11.09
RL1 22 update 360 seconds 11.14
RL1 22 update 361 seconds 10.73
RL1 22 update 362 seconds 10.69
RL1 22 update 363 seconds 10.73
RL1 22 update 364 seconds 10.93
RL1 22 update 365 seconds 9.07
RL1 22 update 366 seconds 10.06
RL1 22 update 367 seconds 10.82
RL1 22 update 368 seconds 11.05
RL1 22 update 369 seconds 10.54
RL1 22 update 370 seconds 10.61
RL1 22 update 371 seconds 10.64
RL1 22 update 372 seconds 10.58
RL1 22 update 373 seconds 10.45
RL1 22 update 374 seconds 10.2
RL1 22 update 375 seconds 9.19
RL1 22 update 376 seconds 10.07
RL1 22 update 377 seconds 10.78
RL1 22 update 378 seconds 10.75
RL1 22 update 379 seconds 10.85
RL1 22 update 380 seconds 10.79
RL1 22 update 381 seconds 10.67
RL1 22 update 382 seconds 10.85
RL1 22 update 383 seconds 11.22
RL1 22 update 384 seconds 10.78
RL1 22 update 385 seconds 9.91
RL1 22 update 386 seconds 9.23
RL1 22 update 387 seconds 9.43
RL1 22 update 388 seconds 10.83
RL1 22 update 389 seconds 10.77
RL1 22 update 390 seconds 11.13
RL1 22 update 391 seconds 10.9
RL1 22 update 392 seconds 11.07
RL1 22 update 393 seconds 10.95
RL1 22 update 394 seconds 11.57
RL1 22 update 395 seconds 10.77
RL1 22 update 396 seconds 10.08
RL1 22 update 397 seconds 10.74
RL1 22 update 398 seconds 10.6
RL1 22 update 399 seconds 10.62
RL1 22 update 400 seconds 10.73
