RL2 33 update 101 seconds 10.42
RL2 33 update 102 seconds 9.79
RL2 33 update 103 seconds 9.08
RL2 33 update 104 seconds 11.07
RL2 33 update 105 seconds 11.05
RL2 33 update 106 seconds 10.88
RL2 33 update 107 seconds 10.53
RL2 33 update 108 seconds 10.32
RL2 33 update 109 seconds 10.56
RL2 33 update 110 seconds 10.86
RL2 33 update 111 seconds 10.36
RL2 33 update 112 seconds 10.47
RL2 33 update 113 seconds 8.68
RL2 33 update 114 seconds 9.41
RL2 33 update 115 seconds 9.88
RL2 33 update 116 seconds 10.17
RL2 33 update 117 seconds 10.01
RL2 33 update 118 seconds 10.22
RL2 33 update 119 seconds 10.14
RL2 33 update 120 seconds 9.93
RL2 33 update 121 seconds 10.31
RL2 33 update 122 seconds 9.8
RL2 33 update 123 seconds 8.83
RL2 33 update 124 seconds 9.13
RL2 33 update 125 seconds 9.84
RL2 33 update 126 seconds 10.21
RL2 33 update 127 seconds 9.86
RL2 33 update 128 seconds 9.98
RL2 33 update 129 seconds 10.19
RL2 33 update 130 seconds 9.83
RL2 33 update 131 seconds 10.69
RL2 33 update 132 seconds 10.44
RL2 33 update 133 seconds 8.88
RL2 33 update 134 seconds 10.3
RL2 33 update 135 seconds 10.36
RL2 33 update 136 seconds 9.84
RL2 33 update 137 seconds 10.35
RL2 33 update 138 seconds 10.25
RL2 33 update 139 seconds 10.16
RL2 33 update 140 seconds 10.01
RL2 33 update 141 seconds 10.84
RL2 33 update 142 seconds 10.82
RL2 33 update 143 seconds 9.01
RL2 33 update 144 seconds 8.66
RL2 33 update 145 seconds 8.77
RL2 33 update 146 seconds 8.83
RL2 33 update 147 seconds 9.94
RL2 33 update 148 seconds 10.27
RL2 33 update 149 seconds 10.11
RL2 33 update 150 seconds 10.35
RL2 33 update 151 seconds 9.45
RL2 33 update 152 seconds 8.94
RL2 33 update 153 seconds 10.7
RL2 33 update 154 seconds 10.38
RL2 33 update 155 seconds 10.69
RL2 33 update 156 seconds 10.72
RL2 33 update 157 seconds 10.75
RL2 33 update 158 seconds 10.8
RL2 33 update 159 seconds 11.18
RL2 33 update 160 seconds 11.0
RL2 33 update 161 seconds 10.6
RL2 33 update 162 seconds 9.16
RL2 33 update 163 seconds 9.1
RL2 33 update 164 seconds 10.33
RL2 33 update 165 seconds 10.19
RL2 33 update 166 seconds 10.62
RL2 33 update 167 seconds 10.67
RL2 33 update 168 seconds 10.56
RL2 33 update 169 seconds 10.35
RL2 33 update 170 seconds 10.4
RL2 33 update 171 seconds 10.64
RL2 33 update 172 seconds 10.46
RL2 33 update 173 seconds 8.77
RL2 33 update 174 seconds 9.23
RL2 33 update 175 seconds 10.03
RL2 33 update 176 seconds 10.04
RL2 33 update 177 seconds 10.51
RL2 33 update 178 seconds 10.15
RL2 33 update 179 seconds 9.92
RL2 33 update 180 seconds 10.23
RL2 33 update 181 seconds 10.26
RL2 33 update 182 seconds 10.3
RL2 33 update 183 seconds 8.66
RL2 33 update 184 seconds 9.59
RL2 33 update 185 seconds 9.72
RL2 33 update 186 seconds 10.42
RL2 33 update 187 seconds 10.32
RL2 33 update 188 seconds 11.13
RL2 33 update 189 seconds 11.45
RL2 33 update 190 seconds 10.36
RL2 33 update 191 seconds 10.05
RL2 33 update 192 seconds 9.82
RL2 33 update 193 seconds 9.09
RL2 33 update 194 seconds 8.97
RL2 33 update 195 seconds 8.8
RL2 33 update 196 seconds 9.01
RL2 33 update 197 seconds 8.73
RL2 33 update 198 seconds 8.8
RL2 33 update 199 seconds 8.96
RL2 33 update 200 seconds 8.55
