RL2 22 update 101 seconds 9.12
RL2 22 update 102 seconds 8.53
RL2 22 update 103 seconds 8.25
RL2 22 update 104 seconds 8.35
RL2 22 update 105 seconds 8.54
RL2 22 update 106 seconds 8.11
RL2 22 update 107 seconds 8.5
RL2 22 update 108 seconds 8.41
RL2 22 update 109 seconds 9.91
RL2 22 update 110 seconds 10.31
RL2 22 update 111 seconds 10.75
RL2 22 update 112 seconds 10.93
RL2 22 update 113 seconds 10.93
RL2 22 update 114 seconds 10.61
RL2 22 update 115 seconds 10.4
RL2 22 update 116 seconds 10.67
RL2 22 update 117 seconds 10.79
RL2 22 update 118 seconds 9.05
RL2 22 update 119 seconds 10.2
RL2 22 update 120 seconds 10.02
RL2 22 update 121 seconds 10.15
RL2 22 update 122 seconds 10.4
RL2 22 update 123 seconds 10.39
RL2 22 update 124 seconds 9.82
RL2 22 update 125 seconds 10.51
RL2 22 update 126 seconds 10.03
RL2 22 update 127 seconds 9.16
RL2 22 update 128 seconds 9.06
RL2 22 update 129 seconds 10.66
RL2 22 update 130 seconds 10.19
RL2 22 update 131 seconds 9.98
RL2 22 update 132 seconds 9.88
RL2 22 update 133 seconds 10.13
RL2 22 update 134 seconds 9.96
RL2 22 update 135 seconds 9.45
RL2 22 update 136 seconds 10.14
RL2 22 update 137 seconds 8.95
RL2 22 update 138 seconds 8.97
RL2 22 update 139 seconds 10.52
RL2 22 update 140 seconds 10.07
RL2 22 update 141 seconds 10.42
RL2 22 update 142 seconds 10.3
RL2 22 update 143 seconds 10.25
RL2 22 update 144 seconds 10.44
RL2 22 update 145 seconds 10.4
RL2 22 update 146 seconds 10.35
RL2 22 update 147 seconds 9.4
RL2 22 update 148 seconds 9.1
RL2 22 update 149 seconds 10.88
RL2 22 update 150 seconds 10.74
RL2 22 update 151 seconds 10.42
RL2 22 update 152 seconds 10.26
RL2 22 update 153 seconds 10.5
RL2 22 update 154 seconds 9.25
RL2 22 update 155 seconds 8.87
RL2 22 update 156 seconds 8.64
RL2 22 update 157 seconds 8.72
RL2 22 update 158 seconds 8.64
RL2 22 update 159 seconds 8.69
RL2 22 update 160 seconds 9.87
RL2 22 update 161 seconds 10.93
RL2 22 update 162 seconds 10.36
RL2 22 update 163 seconds 10.37
RL2 22 update 164 seconds 10.66
RL2 22 update 165 seconds 10.73
RL2 22 update 166 seconds 10.66
RL2 22 update 167 seconds 11.2
RL2 22 update 168 seconds 10.82
RL2 22 update 169 seconds 8.92
RL2 22 update 170 seconds 10.5
RL2 22 update 171 seconds 10.43
RL2 22 update 172 seconds 10.41
RL2 22 update 173 seconds 10.36
RL2 22 update 174 seconds 10.69
RL2 22 update 175 seconds 10.58
RL2 22 update 176 seconds 10.35
RL2 22 update 177 seconds 10.4
RL2 22 update 178 seconds 9.09
RL2 22 update 179 seconds 10.82
RL2 22 update 180 seconds 10.96
RL2 22 update 181 seconds 10.42
RL2 22 update 182 seconds 10.1
RL2 22 update 183 seconds 10.65
RL2 22 update 184 seconds 10.29
RL2 22 update 185 seconds 9.93
RL2 22 update 186 seconds 10.41
RL2 22 update 187 seconds 8.93
RL2 22 update 188 seconds 9.32
RL2 22 update 189 seconds 10.0
RL2 22 update 190 seconds 10.24
RL2 22 update 191 seconds 10.13
RL2 22 update 192 seconds 9.94
RL2 22 update 193 seconds 10.03
RL2 22 update 194 seconds 10.7
RL2 22 update 195 seconds 11.4
RL2 22 update 196 seconds 10.38
RL2 22 update 197 seconds 9.02
RL2 22 update 198 seconds 9.22
RL2 22 update 199 seconds 9.66
RL2 22 update 200 seconds 10.12
