RL2 11 update 101 seconds 11.16
RL2 11 update 102 seconds 10.71
RL2 11 update 103 seconds 11.1
RL2 11 update 104 seconds 10.83
RL2 11 update 105 seconds 10.07
RL2 11 update 106 seconds 10.14
RL2 11 update 107 seconds 10.83
RL2 11 update 108 seconds 10.14
RL2 11 update 109 seconds 10.43
RL2 11 update 110 seconds 10.7
RL2 11 update 111 seconds 8.9
RL2 11 update 112 seconds 10.34
RL2 11 update 113 seconds 10.27
RL2 11 update 114 seconds 10.65
RL2 11 update 115 seconds 10.92
RL2 11 update 116 seconds 10.63
RL2 11 update 117 seconds 10.24
RL2 11 update 118 seconds 10.44
RL2 11 update 119 seconds 10.27
RL2 11 update 120 seconds 10.56
RL2 11 update 121 seconds 8.85
RL2 11 update 122 seconds 10.86
RL2 11 update 123 seconds 10.88
RL2 11 update 124 seconds 10.59
RL2 11 update 125 seconds 10.81
RL2 11 update 126 seconds 10.7
RL2 11 update 127 seconds 10.82
RL2 11 update 128 seconds 10.71
RL2 11 update 129 seconds 11.05
RL2 11 update 130 seconds 10.62
RL2 11 update 131 seconds 9.16
RL2 11 update 132 seconds 10.04
RL2 11 update 133 seconds 10.12
RL2 11 update 134 seconds 10.16
RL2 11 update 135 seconds 9.71
RL2 11 update 136 seconds 9.74
RL2 11 update 137 seconds 9.72
RL2 11 update 138 seconds 9.87
RL2 11 update 139 seconds 9.89
RL2 11 update 140 seconds 10.14
RL2 11 update 141 seconds 8.89
RL2 11 update 142 seconds 9.11
RL2 11 update 143 seconds 10.12
RL2 11 update 144 seconds 10.33
RL2 11 update 145 seconds 10.39
RL2 11 update 146 seconds 10.14
RL2 11 update 147 seconds 9.98
RL2 11 update 148 seconds 10.27
RL2 11 update 149 seconds 10.16
RL2 11 update 150 seconds 10.27
RL2 11 update 151 seconds 8.88
RL2 11 update 152 seconds 8.74
RL2 11 update 153 seconds 8.82
RL2 11 update 154 seconds 8.75
RL2 11 update 155 seconds 8.58
RL2 11 update 156 seconds 8.96
RL2 11 update 157 seconds 10.21
RL2 11 update 158 seconds 10.59
RL2 11 update 159 seconds 10.37
RL2 11 update 160 seconds 10.51
RL2 11 update 161 seconds 10.22
RL2 11 update 162 seconds 10.41
RL2 11 update 163 seconds 10.56
RL2 11 update 164 seconds 10.34
RL2 11 update 165 seconds 10.04
RL2 11 update 166 seconds 9.35
RL2 11 update 167 seconds 10.2
RL2 11 update 168 seconds 10.02
RL2 11 update 169 seconds 9.76
RL2 11 update 170 seconds 9.82
RL2 11 update 171 seconds 10.59
RL2 11 update 172 seconds 10.52
RL2 11 update 173 seconds 10.72
RL2 11 update 174 seconds 10.38
RL2 11 update 175 seconds 9.18
RL2 11 update 176 seconds 9.33
RL2 11 update 177 seconds 9.98
RL2 11 update 178 seconds 10.27
RL2 11 update 179 seconds 10.22
RL2 11 update 180 seconds 10.0
RL2 11 update 181 seconds 10.06
RL2 11 update 182 seconds 10.02
RL2 11 update 183 seconds 9.96
RL2 11 update 184 seconds 10.46
RL2 11 update 185 seconds 9.67
RL2 11 update 186 seconds 9.4
RL2 11 update 187 seconds 10.2
RL2 11 update 188 seconds 10.62
RL2 11 update 189 seconds 10.53
RL2 11 update 190 seconds 10.47
RL2 11 update 191 seconds 10.31
RL2 11 update 192 seconds 9.84
RL2 11 update 193 seconds 9.93
RL2 11 update 194 seconds 9.13
RL2 11 update 195 seconds 9.21
RL2 11 update 196 seconds 10.51
RL2 11 update 197 seconds 10.2
RL2 11 update 198 seconds 10.25
RL2 11 update 199 seconds 10.4
RL2 11 update 200 seconds 10.22
