Scratch 11 update 201 seconds 7.66
Scratch 11 update 202 seconds 4.68
Scratch 11 update 203 seconds 5.75
Scratch 11 update 204 seconds 5.14
Scratch 11 update 205 seconds 5.72
Scratch 11 update 206 seconds 4.57
Scratch 11 update 207 seconds 6.06
Scratch 11 update 208 seconds 4.74
Scratch 11 update 209 seconds 5.98
Scratch 11 update 210 seconds 4.34
Scratch 11 update 211 seconds 4.49
Scratch 11 update 212 seconds 5.45
Scratch 11 update 213 seconds 5.98
Scratch 11 update 214 seconds 4.53
Scratch 11 update 215 seconds 5.97
Scratch 11 update 216 seconds 4.73
Scratch 11 update 217 seconds 5.6
Scratch 11 update 218 seconds 4.72
Scratch 11 update 219 seconds 6.12
Scratch 11 update 220 seconds 4.43
Scratch 11 update 221 seconds 5.85
Scratch 11 update 222 seconds 4.59
Scratch 11 update 223 seconds 5.75
Scratch 11 update 224 seconds 4.95
Scratch 11 update 225 seconds 5.52
Scratch 11 update 226 seconds 5.36
Scratch 11 update 227 seconds 5.77
Scratch 11 update 228 seconds 5.39
Scratch 11 update 229 seconds 5.74
Scratch 11 update 230 seconds 5.2
Scratch 11 update 231 seconds 5.3
Scratch 11 update 232 seconds 5.01
Scratch 11 update 233 seconds 4.25
Scratch 11 update 234 seconds 5.22
Scratch 11 update 235 seconds 5.46
Scratch 11 update 236 seconds 5.4
Scratch 11 update 237 seconds 5.82
Scratch 11 update 238 seconds 4.63
Scratch 11 update 239 seconds 5.74
Scratch 11 update 240 seconds 5.04
Scratch 11 update 241 seconds 5.54
Scratch 11 update 242 seconds 4.51
Scratch 11 update 243 seconds 5.58
Scratch 11 update 244 seconds 6.13
Scratch 11 update 245 seconds 5.55
Scratch 11 update 246 seconds 4.78
Scratch 11 update 247 seconds 5.59
Scratch 11 update 248 seconds 4.75
Scratch 11 update 249 seconds 5.68
Scratch 11 update 250 seconds 4.49
Scratch 11 update 251 seconds 5.79
Scratch 11 update 252 seconds 4.51
Scratch 11 update 253 seconds 5.99
Scratch 11 update 254 seconds 4.25
Scratch 11 update 255 seconds 4.41
Scratch 11 update 256 seconds 5.63
Scratch 11 update 257 seconds 5.14
Scratch 11 update 258 seconds 5.96
Scratch 11 update 259 seconds 5.17
Scratch 11 update 260 seconds 6.15
Scratch 11 update 261 seconds 6.14
Scratch 11 update 262 seconds 5.9
Scratch 11 update 263 seconds 4.88
Scratch 11 update 264 seconds 7.22
Scratch 11 update 265 seconds 4.9
Scratch 11 update 266 seconds 5.81
Scratch 11 update 267 seconds 5.11
Scratch 11 update 268 seconds 5.98
Scratch 11 update 269 seconds 5.44
Scratch 11 update 270 seconds 5.6
Scratch 11 update 271 seconds 5.22
Scratch 11 update 272 seconds 5.64
Scratch 11 update 273 seconds 5.4
Scratch 11 update 274 seconds 6.09
Scratch 11 update 275 seconds 5.88
Scratch 11 update 276 seconds 4.59
Scratch 11 update 277 seconds 4.5
Scratch 11 update 278 seconds 5.65
Scratch 11 update 279 seconds 5.53
Scratch 11 update 280 seconds 4.57
Scratch 11 update 281 seconds 5.66
Scratch 11 update 282 seconds 4.98
Scratch 11 update 283 seconds 5.82
Scratch 11 update 284 seconds 4.37
Scratch 11 update 285 seconds 5.56
Scratch 11 update 286 seconds 4.54
Scratch 11 update 287 seconds 5.84
Scratch 11 update 288 seconds 6.32
Scratch 11 update 289 seconds 5.67
Scratch 11 update 290 seconds 4.5
Scratch 11 update 291 seconds 5.88
Scratch 11 update 292 seconds 4.41
Scratch 11 update 293 seconds 5.64
Scratch 11 update 294 seconds 4.7
Scratch 11 update 295 seconds 5.78
Scratch 11 update 296 seconds 5.02
Scratch 11 update 297 seconds 5.77
Scratch 11 update 298 seconds 5.21
Scratch 11 update 299 seconds 4.7
Scratch 11 update 300 seconds 4.42
Scratch 11 update 301 seconds 4.44
Scratch 11 update 302 seconds 5.06
Scratch 11 update 303 seconds 4.54
Scratch 11 update 304 seconds 4.35
Scratch 11 update 305 seconds 4.63
Scratch 11 update 306 seconds 4.37
Scratch 11 update 307 seconds 5.02
Scratch 11 update 308 seconds 6.53
Scratch 11 update 309 seconds 4.7
Scratch 11 update 310 seconds 6.4
Scratch 11 update 311 seconds 5.07
Scratch 11 update 312 seconds 6.06
Scratch 11 update 313 seconds 4.49
Scratch 11 update 314 seconds 6.08
Scratch 11 update 315 seconds 4.38
Scratch 11 update 316 seconds 5.53
Scratch 11 update 317 seconds 4.83
Scratch 11 update 318 seconds 5.48
Scratch 11 update 319 seconds 4.91
Scratch 11 update 320 seconds 7.04
Scratch 11 update 321 seconds 4.66
Scratch 11 update 322 seconds 5.73
Scratch 11 update 323 seconds 4.72
Scratch 11 update 324 seconds 5.65
Scratch 11 update 325 seconds 5.12
Scratch 11 update 326 seconds 5.44
Scratch 11 update 327 seconds 5.28
Scratch 11 update 328 seconds 4.63
Scratch 11 update 329 seconds 4.82
Scratch 11 update 330 seconds 5.54
Scratch 11 update 331 seconds 4.8
Scratch 11 update 332 seconds 5.62
Scratch 11 update 333 seconds 4.79
Scratch 11 update 334 seconds 6.0
Scratch 11 update 335 seconds 5.27
Scratch 11 update 336 seconds 5.8
Scratch 11 update 337 seconds 5.01
Scratch 11 update 338 seconds 6.0
Scratch 11 update 339 seconds 5.0
Scratch 11 update 340 seconds 5.68
Scratch 11 update 341 seconds 5.29
Scratch 11 update 342 seconds 6.68
Scratch 11 update 343 seconds 5.18
Scratch 11 update 344 seconds 5.74
Scratch 11 update 345 seconds 5.12
Scratch 11 update 346 seconds 6.6
Scratch 11 update 347 seconds 4.72
Scratch 11 update 348 seconds 6.28
Scratch 11 update 349 seconds 4.47
Scratch 11 update 350 seconds 4.42
Scratch 11 update 351 seconds 4.95
Scratch 11 update 352 seconds 6.61
Scratch 11 update 353 seconds 5.24
Scratch 11 update 354 seconds 5.36
Scratch 11 update 355 seconds 5.16
Scratch 11 update 356 seconds 5.45
Scratch 11 update 357 seconds 5.44
Scratch 11 update 358 seconds 5.42
Scratch 11 update 359 seconds 5.13
Scratch 11 update 360 seconds 5.14
Scratch 11 update 361 seconds 4.91
Scratch 11 update 362 seconds 5.8
Scratch 11 update 363 seconds 6.81
Scratch 11 update 364 seconds 5.61
Scratch 11 update 365 seconds 5.54
Scratch 11 update 366 seconds 5.86
Scratch 11 update 367 seconds 5.59
Scratch 11 update 368 seconds 5.4
Scratch 11 update 369 seconds 6.22
Scratch 11 update 370 seconds 5.32
Scratch 11 update 371 seconds 4.48
Scratch 11 update 372 seconds 4.84
Scratch 11 update 373 seconds 5.86
Scratch 11 update 374 seconds 4.84
Scratch 11 update 375 seconds 5.92
Scratch 11 update 376 seconds 4.88
Scratch 11 update 377 seconds 6.21
Scratch 11 update 378 seconds 4.84
Scratch 11 update 379 seconds 6.36
Scratch 11 update 380 seconds 4.51
Scratch 11 update 381 seconds 6.56
Scratch 11 update 382 seconds 4.48
Scratch 11 update 383 seconds 5.9
Scratch 11 update 384 seconds 4.88
Scratch 11 update 385 seconds 5.89
Scratch 11 update 386 seconds 5.34
Scratch 11 update 387 seconds 5.75
Scratch 11 update 388 seconds 5.41
Scratch 11 update 389 seconds 6.16
Scratch 11 update 390 seconds 4.81
Scratch 11 update 391 seconds 5.77
Scratch 11 update 392 seconds 4.23
Scratch 11 update 393 seconds 4.29
Scratch 11 update 394 seconds 4.98
Scratch 11 update 395 seconds 5.9
Scratch 11 update 396 seconds 5.2
Scratch 11 update 397 seconds 6.35
Scratch 11 update 398 seconds 4.87
Scratch 11 update 399 seconds 5.65
Scratch 11 update 400 seconds 5.12
