Scratch 11 update 101 seconds 5.1
Scratch 11 update 102 seconds 5.38
Scratch 11 update 103 seconds 4.34
Scratch 11 update 104 seconds 5.62
Scratch 11 update 105 seconds 4.69
Scratch 11 update 106 seconds 5.49
Scratch 11 update 107 seconds 4.36
Scratch 11 update 108 seconds 5.42
Scratch 11 update 109 seconds 4.99
Scratch 11 update 110 seconds 5.43
Scratch 11 update 111 seconds 5.02
Scratch 11 update 112 seconds 5.45
Scratch 11 update 113 seconds 5.05
Scratch 11 update 114 seconds 5.45
Scratch 11 update 115 seconds 5.06
Scratch 11 update 116 seconds 5.42
Scratch 11 update 117 seconds 5.02
Scratch 11 update 118 seconds 4.5
Scratch 11 update 119 seconds 4.27
Scratch 11 update 120 seconds 5.15
Scratch 11 update 121 seconds 5.11
Scratch 11 update 122 seconds 5.36
Scratch 11 update 123 seconds 5.22
Scratch 11 update 124 seconds 5.5
Scratch 11 update 125 seconds 5.18
Scratch 11 update 126 seconds 5.45
Scratch 11 update 127 seconds 5.21
Scratch 11 update 128 seconds 5.39
Scratch 11 update 129 seconds 4.79
Scratch 11 update 130 seconds 5.31
Scratch 11 update 131 seconds 5.47
Scratch 11 update 132 seconds 5.47
Scratch 11 update 133 seconds 5.37
Scratch 11 update 134 seconds 5.49
Scratch 11 update 135 seconds 5.37
Scratch 11 update 136 seconds 5.39
Scratch 11 update 137 seconds 4.97
Scratch 11 update 138 seconds 5.21
Scratch 11 update 139 seconds 5.03
Scratch 11 update 140 seconds 4.48
Scratch 11 update 141 seconds 4.51
Scratch 11 update 142 seconds 5.51
Scratch 11 update 143 seconds 5.01
Scratch 11 update 144 seconds 5.4
Scratch 11 update 145 seconds 5.12
Scratch 11 update 146 seconds 5.49
Scratch 11 update 147 seconds 5.03
Scratch 11 update 148 seconds 5.38
Scratch 11 update 149 seconds 5.05
Scratch 11 update 150 seconds 5.6
Scratch 11 update 151 seconds 5.1
Scratch 11 update 152 seconds 5.34
Scratch 11 update 153 seconds 5.16
Scratch 11 update 154 seconds 6.37
Scratch 11 update 155 seconds 5.44
Scratch 11 update 156 seconds 5.22
Scratch 11 update 157 seconds 5.12
Scratch 11 update 158 seconds 5.36
Scratch 11 update 159 seconds 5.29
Scratch 11 update 160 seconds 5.26
Scratch 11 update 161 seconds 5.12
Scratch 11 update 162 seconds 4.49
Scratch 11 update 163 seconds 5.28
Scratch 11 update 164 seconds 5.18
Scratch 11 update 165 seconds 5.27
Scratch 11 update 166 seconds 5.44
Scratch 11 update 167 seconds 5.36
Scratch 11 update 168 seconds 5.44
Scratch 11 update 169 seconds 5.25
Scratch 11 update 170 seconds 5.16
Scratch 11 update 171 seconds 5.46
Scratch 11 update 172 seconds 5.35
Scratch 11 update 173 seconds 5.52
Scratch 11 update 174 seconds 5.08
Scratch 11 update 175 seconds 5.4
Scratch 11 update 176 seconds 5.11
Scratch 11 update 177 seconds 5.73
Scratch 11 update 178 seconds 5.29
Scratch 11 update 179 seconds 5.64
Scratch 11 update 180 seconds 5.14
Scratch 11 update 181 seconds 5.56
Scratch 11 update 182 seconds 6.58
Scratch 11 update 183 seconds 4.52
Scratch 11 update 184 seconds 5.05
Scratch 11 update 185 seconds 5.42
Scratch 11 update 186 seconds 4.99
Scratch 11 update 187 seconds 5.34
Scratch 11 update 188 seconds 6.16
Scratch 11 update 189 seconds 5.78
Scratch 11 update 190 seconds 5.32
Scratch 11 update 191 seconds 5.42
Scratch 11 update 192 seconds 4.83
Scratch 11 update 193 seconds 5.35
Scratch 11 update 194 seconds 4.63
Scratch 11 update 195 seconds 5.45
Scratch 11 update 196 seconds 4.67
Scratch 11 update 197 seconds 5.37
Scratch 11 update 198 seconds 4.61
Scratch 11 update 199 seconds 5.86
Scratch 11 update 200 seconds 5.19
