RL1 11 update 1 seconds 8.14
RL1 11 update 2 seconds 7.92
RL1 11 update 3 seconds 7.96
RL1 11 update 4 seconds 8.43
RL1 11 update 5 seconds 9.62
RL1 11 update 6 seconds 9.44
RL1 11 update 7 seconds 9.24
RL1 11 update 8 seconds 9.97
RL1 11 update 9 seconds 9.27
RL1 11 update 10 seconds 9.43
RL1 11 update 11 seconds 9.94
RL1 11 update 12 seconds 10.15
RL1 11 update 13 seconds 10.2
RL1 11 update 14 seconds 8.32
RL1 11 update 15 seconds 10.23
RL1 11 update 16 seconds 10.3
RL1 11 update 17 seconds 10.34
RL1 11 update 18 seconds 10.73
RL1 11 update 19 seconds 10.27
RL1 11 update 20 seconds 10.32
RL1 11 update 21 seconds 10.11
RL1 11 update 22 seconds 9.46
RL1 11 update 23 seconds 9.98
RL1 11 update 24 seconds 8.25
RL1 11 update 25 seconds 8.71
RL1 11 update 26 seconds 9.65
RL1 11 update 27 seconds 9.94
RL1 11 update 28 seconds 10.23
RL1 11 update 29 seconds 10.12
RL1 11 update 30 seconds 10.59
RL1 11 update 31 seconds 10.14
RL1 11 update 32 seconds 10.03
RL1 11 update 33 seconds 9.68
RL1 11 update 34 seconds 8.69
RL1 11 update 35 seconds 9.06
RL1 11 update 36 seconds 9.97
RL1 11 update 37 seconds 10.22
RL1 11 update 38 seconds 9.92
RL1 11 update 39 seconds 10.04
RL1 11 update 40 seconds 10.02
RL1 11 update 41 seconds 10.03
RL1 11 update 42 seconds 10.13
RL1 11 update 43 seconds 10.29
RL1 11 update 44 seconds 8.77
RL1 11 update 45 seconds 10.14
RL1 11 update 46 seconds 9.6
RL1 11 update 47 seconds 9.58
RL1 11 update 48 seconds 9.46
RL1 11 update 49 seconds 9.5
RL1 11 update 50 seconds 9.54
RL1 11 update 51 seconds 8.41
RL1 11 update 52 seconds 8.02
RL1 11 update 53 seconds 7.88
RL1 11 update 54 seconds 8.27
RL1 11 update 55 seconds 8.16
RL1 11 update 56 seconds 8.16
RL1 11 update 57 seconds 8.15
RL1 11 update 58 seconds 8.12
RL1 11 update 59 seconds 8.24
RL1 11 update 60 seconds 7.83
RL1 11 update 61 seconds 8.14
RL1 11 update 62 seconds 8.14
RL1 11 update 63 seconds 7.95
RL1 11 update 64 seconds 7.79
RL1 11 update 65 seconds 8.14
RL1 11 update 66 seconds 8.27
RL1 11 update 67 seconds 8.04
RL1 11 update 68 seconds 8.12
RL1 11 update 69 seconds 8.25
RL1 11 update 70 seconds 8.13
RL1 11 update 71 seconds 8.65
RL1 11 update 72 seconds 8.16
RL1 11 update 73 seconds 8.53
RL1 11 update 74 seconds 8.2
RL1 11 update 75 seconds 8.38
RL1 11 update 76 seconds 8.34
RL1 11 update 77 seconds 8.42
RL1 11 update 78 seconds 8.23
RL1 11 update 79 seconds 8.32
RL1 11 update 80 seconds 8.33
RL1 11 update 81 seconds 8.52
RL1 11 update 82 seconds 8.49
RL1 11 update 83 seconds 8.55
RL1 11 update 84 seconds 8.31
RL1 11 update 85 seconds 8.07
RL1 11 update 86 seconds 8.19
RL1 11 update 87 seconds 8.49
RL1 11 update 88 seconds 8.31
RL1 11 update 89 seconds 8.52
RL1 11 update 90 seconds 8.25
RL1 11 update 91 seconds 8.23
RL1 11 update 92 seconds 8.25
RL1 11 update 93 seconds 8.27
RL1 11 update 94 seconds 8.22
RL1 11 update 95 seconds 8.31
RL1 11 update 96 seconds 8.03
RL1 11 update 97 seconds 8.49
RL1 11 update 98 seconds 8.15
RL1 11 update 99 seconds 8.48
RL1 11 update 100 seconds 8.49
