RL1 11 update 1 seconds 11.52
RL1 11 update 2 seconds 10.75
RL1 11 update 3 seconds 11.35
RL1 11 update 4 seconds 11.38
RL1 11 update 5 seconds 9.89
RL1 11 update 6 seconds 10.08
RL1 11 update 7 seconds 9.47
RL1 11 update 8 seconds 9.17
RL1 11 update 9 seconds 9.24
RL1 11 update 10 seconds 9.12
RL1 11 update 11 seconds 9.37
RL1 11 update 12 seconds 10.52
RL1 11 update 13 seconds 10.24
RL1 11 update 14 seconds 9.94
RL1 11 update 15 seconds 10.06
RL1 11 update 16 seconds 10.32
RL1 11 update 17 seconds 10.02
RL1 11 update 18 seconds 10.09
RL1 11 update 19 seconds 9.8
RL1 11 update 20 seconds 10.01
RL1 11 update 21 seconds 10.44
RL1 11 update 22 seconds 9.74
RL1 11 update 23 seconds 10.61
RL1 11 update 24 seconds 10.25
RL1 11 update 25 seconds 10.04
RL1 11 update 26 seconds 9.93
RL1 11 update 27 seconds 10.21
RL1 11 update 28 seconds 10.21
RL1 11 update 29 seconds 10.63
RL1 11 update 30 seconds 10.28
RL1 11 update 31 seconds 10.29
RL1 11 update 32 seconds 10.03
RL1 11 update 33 seconds 10.01
RL1 11 update 34 seconds 9.92
RL1 11 update 35 seconds 10.18
RL1 11 update 36 seconds 10.42
RL1 11 update 37 seconds 10.12
RL1 11 update 38 seconds 11.85
RL1 11 update 39 seconds 10.94
RL1 11 update 40 seconds 10.89
RL1 11 update 41 seconds 9.63
RL1 11 update 42 seconds 10.27
RL1 11 update 43 seconds 10.39
RL1 11 update 44 seconds 10.44
RL1 11 update 45 seconds 10.47
RL1 11 update 46 seconds 10.4
RL1 11 update 47 seconds 10.33
RL1 11 update 48 seconds 10.5
RL1 11 update 49 seconds 10.67
RL1 11 update 50 seconds 10.08
RL1 11 update 51 seconds 10.41
RL1 11 update 52 seconds 10.16
RL1 11 update 53 seconds 9.44
RL1 11 update 54 seconds 9.86
RL1 11 update 55 seconds 9.7
RL1 11 update 56 seconds 9.08
RL1 11 update 57 seconds 10.03
RL1 11 update 58 seconds 11.02
RL1 11 update 59 seconds 10.93
RL1 11 update 60 seconds 11.51
RL1 11 update 61 seconds 11.32
RL1 11 update 62 seconds 11.0
RL1 11 update 63 seconds 10.83
RL1 11 update 64 seconds 11.6
RL1 11 update 65 seconds 10.9
RL1 11 update 66 seconds 10.25
RL1 11 update 67 seconds 11.2
RL1 11 update 68 seconds 10.74
RL1 11 update 69 seconds 11.3
RL1 11 update 70 seconds 11.53
RL1 11 update 71 seconds 11.25
RL1 11 update 72 seconds 10.77
RL1 11 update 73 seconds 11.17
RL1 11 update 74 seconds 11.37
RL1 11 update 75 seconds 10.9
RL1 11 update 76 seconds 10.71
RL1 11 update 77 seconds 10.67
RL1 11 update 78 seconds 11.15
RL1 11 update 79 seconds 11.23
RL1 11 update 80 seconds 11.74
RL1 11 update 81 seconds 10.73
RL1 11 update 82 seconds 11.26
RL1 11 update 83 seconds 11.23
RL1 11 update 84 seconds 11.92
RL1 11 update 85 seconds 10.3
RL1 11 update 86 seconds 12.52
RL1 11 update 87 seconds 12.03
RL1 11 update 88 seconds 11.2
RL1 11 update 89 seconds 11.62
RL1 11 update 90 seconds 11.04
RL1 11 update 91 seconds 10.82
RL1 11 update 92 seconds 10.96
RL1 11 update 93 seconds 11.34
RL1 11 update 94 seconds 10.24
RL1 11 update 95 seconds 12.36
RL1 11 update 96 seconds 12.32
RL1 11 update 97 seconds 11.73
RL1 11 update 98 seconds 11.12
RL1 11 update 99 seconds 11.19
RL1 11 update 100 seconds 11.72
