RL1 22 update 1 seconds 9.33
RL1 22 update 2 seconds 10.02
RL1 22 update 3 seconds 8.36
RL1 22 update 4 seconds 8.45
RL1 22 update 5 seconds 9.49
RL1 22 update 6 seconds 10.45
RL1 22 update 7 seconds 10.34
RL1 22 update 8 seconds 10.07
RL1 22 update 9 seconds 10.89
RL1 22 update 10 seconds 10.75
RL1 22 update 11 seconds 10.11
RL1 22 update 12 seconds 9.92
RL1 22 update 13 seconds 9.96
RL1 22 update 14 seconds 8.13
RL1 22 update 15 seconds 7.92
RL1 22 update 16 seconds 8.29
RL1 22 update 17 seconds 8.52
RL1 22 update 18 seconds 8.43
RL1 22 update 19 seconds 8.14
RL1 22 update 20 seconds 8.6
RL1 22 update 21 seconds 9.71
RL1 22 update 22 seconds 9.21
RL1 22 update 23 seconds 9.48
RL1 22 update 24 seconds 9.32
RL1 22 update 25 seconds 9.17
RL1 22 update 26 seconds 9.77
RL1 22 update 27 seconds 9.41
RL1 22 update 28 seconds 9.45
RL1 22 update 29 seconds 9.14
RL1 22 update 30 seconds 9.06
RL1 22 update 31 seconds 11.09
RL1 22 update 32 seconds 10.2
RL1 22 update 33 seconds 9.91
RL1 22 update 34 seconds 10.11
RL1 22 update 35 seconds 10.44
RL1 22 update 36 seconds 10.56
RL1 22 update 37 seconds 10.17
RL1 22 update 38 seconds 10.05
RL1 22 update 39 seconds 10.6
RL1 22 update 40 seconds 10.72
RL1 22 update 41 seconds 10.59
RL1 22 update 42 seconds 9.92
RL1 22 update 43 seconds 9.55
RL1 22 update 44 seconds 9.94
RL1 22 update 45 seconds 9.93
RL1 22 update 46 seconds 10.59
RL1 22 update 47 seconds 9.94
RL1 22 update 48 seconds 10.44
RL1 22 update 49 seconds 10.3
RL1 22 update 50 seconds 10.23
RL1 22 update 51 seconds 10.37
RL1 22 update 52 seconds 9.94
RL1 22 update 53 seconds 10.15
RL1 22 update 54 seconds 9.78
RL1 22 update 55 seconds 10.26
RL1 22 update 56 seconds 8.74
RL1 22 update 57 seconds 9.57
RL1 22 update 58 seconds 9.36
RL1 22 update 59 seconds 9.94
RL1 22 update 60 seconds 10.12
RL1 22 update 61 seconds 9.74
RL1 22 update 62 seconds 9.88
RL1 22 update 63 seconds 9.77
RL1 22 update 64 seconds 9.55
RL1 22 update 65 seconds 8.78
RL1 22 update 66 seconds 8.24
RL1 22 update 67 seconds 8.8
RL1 22 update 68 seconds 8.71
RL1 22 update 69 seconds 8.81
RL1 22 update 70 seconds 8.21
RL1 22 update 71 seconds 9.99
RL1 22 update 72 seconds 9.63
RL1 22 update 73 seconds 9.74
RL1 22 update 74 seconds 10.11
RL1 22 update 75 seconds 10.12
RL1 22 update 76 seconds 10.21
RL1 22 update 77 seconds 10.29
RL1 22 update 78 seconds 9.96
RL1 22 update 79 seconds 10.65
RL1 22 update 80 seconds 10.15
RL1 22 update 81 seconds 10.49
RL1 22 update 82 seconds 9.81
RL1 22 update 83 seconds 9.61
RL1 22 update 84 seconds 9.93
RL1 22 update 85 seconds 10.21
RL1 22 update 86 seconds 10.19
RL1 22 update 87 seconds 10.3
RL1 22 update 88 seconds 10.28
RL1 22 update 89 seconds 9.78
RL1 22 update 90 seconds 8.86
RL1 22 update 91 seconds 9.95
RL1 22 update 92 seconds 10.24
RL1 22 update 93 seconds 9.79
RL1 22 update 94 seconds 9.82
RL1 22 update 95 seconds 9.89
RL1 22 update 96 seconds 10.27
RL1 22 update 97 seconds 10.25
RL1 22 update 98 seconds 10.87
RL1 22 update 99 seconds 9.81
RL1 22 update 100 seconds 9.51
