RL1 33 update 1 seconds 10.03
RL1 33 update 2 seconds 9.18
RL1 33 update 3 seconds 9.03
RL1 33 update 4 seconds 9.23
RL1 33 update 5 seconds 9.15
RL1 33 update 6 seconds 9.1
RL1 33 update 7 seconds 9.43
RL1 33 update 8 seconds 9.36
RL1 33 update 9 seconds 9.73
RL1 33 update 10 seconds 9.53
RL1 33 update 11 seconds 10.79
RL1 33 update 12 seconds 10.02
RL1 33 update 13 seconds 9.73
RL1 33 update 14 seconds 9.5
RL1 33 update 15 seconds 10.37
RL1 33 update 16 seconds 10.64
RL1 33 update 17 seconds 10.03
RL1 33 update 18 seconds 9.96
RL1 33 update 19 seconds 10.54
RL1 33 update 20 seconds 10.95
RL1 33 update 21 seconds 10.94
RL1 33 update 22 seconds 9.8
RL1 33 update 23 seconds 9.88
RL1 33 update 24 seconds 10.27
RL1 33 update 25 seconds 10.09
RL1 33 update 26 seconds 10.73
RL1 33 update 27 seconds 10.09
RL1 33 update 28 seconds 10.43
RL1 33 update 29 seconds 10.1
RL1 33 update 30 seconds 10.3
RL1 33 update 31 seconds 8.41
RL1 33 update 32 seconds 8.35
RL1 33 update 33 seconds 8.48
RL1 33 update 34 seconds 8.47
RL1 33 update 35 seconds 8.48
RL1 33 update 36 seconds 10.36
RL1 33 update 37 seconds 9.45
RL1 33 update 38 seconds 9.93
RL1 33 update 39 seconds 10.5
RL1 33 update 40 seconds 9.86
RL1 33 update 41 seconds 9.6
RL1 33 update 42 seconds 9.76
RL1 33 update 43 seconds 10.03
RL1 33 update 44 seconds 9.65
RL1 33 update 45 seconds 8.36
RL1 33 update 46 seconds 8.97
RL1 33 update 47 seconds 9.64
RL1 33 update 48 seconds 9.81
RL1 33 update 49 seconds 9.62
RL1 33 update 50 seconds 9.48
RL1 33 update 51 seconds 9.86
RL1 33 update 52 seconds 9.76
RL1 33 update 53 seconds 9.85
RL1 33 update 54 seconds 10.12
RL1 33 update 55 seconds 10.17
RL1 33 update 56 seconds 10.55
RL1 33 update 57 seconds 10.19
RL1 33 update 58 seconds 10.7
RL1 33 update 59 seconds 10.68
RL1 33 update 60 seconds 10.2
RL1 33 update 61 seconds 10.14
RL1 33 update 62 seconds 9.69
RL1 33 update 63 seconds 9.68
RL1 33 update 64 seconds 9.8
RL1 33 update 65 seconds 9.99
RL1 33 update 66 seconds 9.68
RL1 33 update 67 seconds 10.52
RL1 33 update 68 seconds 10.24
RL1 33 update 69 seconds 9.91
RL1 33 update 70 seconds 9.55
RL1 33 update 71 seconds 9.95
RL1 33 update 72 seconds 10.17
RL1 33 update 73 seconds 9.84
RL1 33 update 74 seconds 9.85
RL1 33 update 75 seconds 9.57
RL1 33 update 76 seconds 9.81
RL1 33 update 77 seconds 10.13
RL1 33 update 78 seconds 10.51
RL1 33 update 79 seconds 9.84
RL1 33 update 80 seconds 10.38
RL1 33 update 81 seconds 9.13
RL1 33 update 82 seconds 8.54
RL1 33 update 83 seconds 8.24
RL1 33 update 84 seconds 8.5
RL1 33 update 85 seconds 8.46
RL1 33 update 86 seconds 8.25
RL1 33 update 87 seconds 8.19
RL1 33 update 88 seconds 8.4
RL1 33 update 89 seconds 8.65
RL1 33 update 90 seconds 8.9
RL1 33 update 91 seconds 8.69
RL1 33 update 92 seconds 8.71
RL1 33 update 93 seconds 8.49
RL1 33 update 94 seconds 8.37
RL1 33 update 95 seconds 8.8
RL1 33 update 96 seconds 9.75
RL1 33 update 97 seconds 9.51
RL1 33 update 98 seconds 9.76
RL1 33 update 99 seconds 9.72
RL1 33 update 100 seconds 9.78
