RL2 33 update 1 seconds 9.53
RL2 33 update 2 seconds 9.23
RL2 33 update 3 seconds 9.29
RL2 33 update 4 seconds 9.12
RL2 33 update 5 seconds 9.5
RL2 33 update 6 seconds 8.49
RL2 33 update 7 seconds 9.27
RL2 33 update 8 seconds 9.84
RL2 33 update 9 seconds 10.37
RL2 33 update 10 seconds 9.93
RL2 33 update 11 seconds 10.24
RL2 33 update 12 seconds 9.36
RL2 33 update 13 seconds 8.97
RL2 33 update 14 seconds 8.88
RL2 33 update 15 seconds 8.82
RL2 33 update 16 seconds 8.94
RL2 33 update 17 seconds 9.64
RL2 33 update 18 seconds 9.9
RL2 33 update 19 seconds 10.04
RL2 33 update 20 seconds 9.63
RL2 33 update 21 seconds 9.44
RL2 33 update 22 seconds 10.24
RL2 33 update 23 seconds 9.69
RL2 33 update 24 seconds 9.47
RL2 33 update 25 seconds 9.15
RL2 33 update 26 seconds 8.74
RL2 33 update 27 seconds 9.88
RL2 33 update 28 seconds 9.6
RL2 33 update 29 seconds 10.01
RL2 33 update 30 seconds 10.03
RL2 33 update 31 seconds 10.14
RL2 33 update 32 seconds 9.74
RL2 33 update 33 seconds 9.96
RL2 33 update 34 seconds 9.99
RL2 33 update 35 seconds 8.9
RL2 33 update 36 seconds 8.62
RL2 33 update 37 seconds 9.02
RL2 33 update 38 seconds 10.54
RL2 33 update 39 seconds 10.7
RL2 33 update 40 seconds 10.82
RL2 33 update 41 seconds 9.71
RL2 33 update 42 seconds 9.39
RL2 33 update 43 seconds 10.09
RL2 33 update 44 seconds 9.27
RL2 33 update 45 seconds 9.86
RL2 33 update 46 seconds 8.47
RL2 33 update 47 seconds 8.2
RL2 33 update 48 seconds 10.35
RL2 33 update 49 seconds 10.3
RL2 33 update 50 seconds 10.59
RL2 33 update 51 seconds 9.92
RL2 33 update 52 seconds 8.52
RL2 33 update 53 seconds 9.5
RL2 33 update 54 seconds 9.83
RL2 33 update 55 seconds 9.66
RL2 33 update 56 seconds 9.8
RL2 33 update 57 seconds 9.5
RL2 33 update 58 seconds 9.71
RL2 33 update 59 seconds 9.7
RL2 33 update 60 seconds 9.98
RL2 33 update 61 seconds 10.68
RL2 33 update 62 seconds 8.63
RL2 33 update 63 seconds 10.11
RL2 33 update 64 seconds 9.73
RL2 33 update 65 seconds 10.0
RL2 33 update 66 seconds 10.38
RL2 33 update 67 seconds 9.99
RL2 33 update 68 seconds 10.5
RL2 33 update 69 seconds 10.61
RL2 33 update 70 seconds 10.8
RL2 33 update 71 seconds 8.89
RL2 33 update 72 seconds 8.71
RL2 33 update 73 seconds 8.96
RL2 33 update 74 seconds 10.13
RL2 33 update 75 seconds 10.2
RL2 33 update 76 seconds 10.23
RL2 33 update 77 seconds 10.02
RL2 33 update 78 seconds 9.78
RL2 33 update 79 seconds 10.26
RL2 33 update 80 seconds 9.77
RL2 33 update 81 seconds 10.82
RL2 33 update 82 seconds 10.41
RL2 33 update 83 seconds 8.78
RL2 33 update 84 seconds 8.42
RL2 33 update 85 seconds 8.54
RL2 33 update 86 seconds 8.83
RL2 33 update 87 seconds 8.56
RL2 33 update 88 seconds 8.59
RL2 33 update 89 seconds 8.51
RL2 33 update 90 seconds 8.68
RL2 33 update 91 seconds 8.68
RL2 33 update 92 seconds 8.82
RL2 33 update 93 seconds 8.47
RL2 33 update 94 seconds 9.94
RL2 33 update 95 seconds 8.77
RL2 33 update 96 seconds 10.46
RL2 33 update 97 seconds 10.03
RL2 33 update 98 seconds 9.95
RL2 33 update 99 seconds 9.95
RL2 33 update 100 seconds 9.95
