RL2 22 update 1 seconds 9.72
RL2 22 update 2 seconds 9.52
RL2 22 update 3 seconds 10.25
RL2 22 update 4 seconds 9.62
RL2 22 update 5 seconds 9.11
RL2 22 update 6 seconds 8.62
RL2 22 update 7 seconds 8.39
RL2 22 update 8 seconds 8.2
RL2 22 update 9 seconds 8.25
RL2 22 update 10 seconds 8.21
RL2 22 update 11 seconds 8.14
RL2 22 update 12 seconds 8.33
RL2 22 update 13 seconds 7.93
RL2 22 update 14 seconds 8.31
RL2 22 update 15 seconds 9.38
RL2 22 update 16 seconds 9.09
RL2 22 update 17 seconds 8.9
RL2 22 update 18 seconds 9.4
RL2 22 update 19 seconds 9.04
RL2 22 update 20 seconds 9.61
RL2 22 update 21 seconds 9.64
RL2 22 update 22 seconds 9.33
RL2 22 update 23 seconds 9.73
RL2 22 update 24 seconds 9.5
RL2 22 update 25 seconds 8.31
RL2 22 update 26 seconds 9.11
RL2 22 update 27 seconds 9.47
RL2 22 update 28 seconds 8.84
RL2 22 update 29 seconds 9.61
RL2 22 update 30 seconds 9.3
RL2 22 update 31 seconds 9.94
RL2 22 update 32 seconds 9.54
RL2 22 update 33 seconds 9.92
RL2 22 update 34 seconds 9.72
RL2 22 update 35 seconds 8.56
RL2 22 update 36 seconds 9.36
RL2 22 update 37 seconds 9.69
RL2 22 update 38 seconds 9.79
RL2 22 update 39 seconds 9.45
RL2 22 update 40 seconds 9.41
RL2 22 update 41 seconds 10.09
RL2 22 update 42 seconds 9.84
RL2 22 update 43 seconds 10.13
RL2 22 update 44 seconds 10.12
RL2 22 update 45 seconds 8.45
RL2 22 update 46 seconds 9.86
RL2 22 update 47 seconds 9.44
RL2 22 update 48 seconds 9.31
RL2 22 update 49 seconds 9.4
RL2 22 update 50 seconds 9.39
RL2 22 update 51 seconds 10.44
RL2 22 update 52 seconds 10.64
RL2 22 update 53 seconds 10.78
RL2 22 update 54 seconds 8.39
RL2 22 update 55 seconds 8.97
RL2 22 update 56 seconds 9.65
RL2 22 update 57 seconds 9.61
RL2 22 update 58 seconds 10.04
RL2 22 update 59 seconds 9.8
RL2 22 update 60 seconds 9.68
RL2 22 update 61 seconds 10.28
RL2 22 update 62 seconds 10.36
RL2 22 update 63 seconds 10.34
RL2 22 update 64 seconds 8.42
RL2 22 update 65 seconds 8.13
RL2 22 update 66 seconds 8.33
RL2 22 update 67 seconds 8.36
RL2 22 update 68 seconds 8.4
RL2 22 update 69 seconds 8.8
RL2 22 update 70 seconds 9.73
RL2 22 update 71 seconds 10.02
RL2 22 update 72 seconds 9.68
RL2 22 update 73 seconds 9.73
RL2 22 update 74 seconds 9.67
RL2 22 update 75 seconds 9.77
RL2 22 update 76 seconds 9.74
RL2 22 update 77 seconds 9.86
RL2 22 update 78 seconds 8.64
RL2 22 update 79 seconds 8.45
RL2 22 update 80 seconds 10.6
RL2 22 update 81 seconds 10.43
RL2 22 update 82 seconds 10.13
RL2 22 update 83 seconds 10.34
RL2 22 update 84 seconds 10.35
RL2 22 update 85 seconds 10.35
RL2 22 update 86 seconds 10.64
RL2 22 update 87 seconds 10.81
RL2 22 update 88 seconds 10.85
RL2 22 update 89 seconds 8.95
RL2 22 update 90 seconds 9.18
RL2 22 update 91 seconds 10.36
RL2 22 update 92 seconds 10.08
RL2 22 update 93 seconds 10.28
RL2 22 update 94 seconds 9.79
RL2 22 update 95 seconds 10.04
RL2 22 update 96 seconds 10.62
RL2 22 update 97 seconds 10.02
RL2 22 update 98 seconds 8.82
RL2 22 update 99 seconds 10.6
RL2 22 update 100 seconds 10.72
