Scratch 11 update 1 seconds 5.95
Scratch 11 update 2 seconds 4.89
Scratch 11 update 3 seconds 5.64
Scratch 11 update 4 seconds 4.37
Scratch 11 update 5 seconds 5.41
Scratch 11 update 6 seconds 4.51
Scratch 11 update 7 seconds 5.44
Scratch 11 update 8 seconds 4.46
Scratch 11 update 9 seconds 5.5
Scratch 11 update 10 seconds 4.53
Scratch 11 update 11 seconds 5.57
Scratch 11 update 12 seconds 4.58
Scratch 11 update 13 seconds 5.52
Scratch 11 update 14 seconds 4.86
Scratch 11 update 15 seconds 5.39
Scratch 11 update 16 seconds 4.62
Scratch 11 update 17 seconds 5.5
Scratch 11 update 18 seconds 4.62
Scratch 11 update 19 seconds 4.55
Scratch 11 update 20 seconds 5.22
Scratch 11 update 21 seconds 4.97
Scratch 11 update 22 seconds 5.6
Scratch 11 update 23 seconds 5.02
Scratch 11 update 24 seconds 5.5
Scratch 11 update 25 seconds 4.86
Scratch 11 update 26 seconds 5.56
Scratch 11 update 27 seconds 5.02
Scratch 11 update 28 seconds 5.32
Scratch 11 update 29 seconds 4.79
Scratch 11 update 30 seconds 5.39
Scratch 11 update 31 seconds 4.71
Scratch 11 update 32 seconds 5.48
Scratch 11 update 33 seconds 4.72
Scratch 11 update 34 seconds 5.61
Scratch 11 update 35 seconds 4.69
Scratch 11 update 36 seconds 5.93
Scratch 11 update 37 seconds 4.63
Scratch 11 update 38 seconds 5.63
Scratch 11 update 39 seconds 4.63
Scratch 11 update 40 seconds 4.66
Scratch 11 update 41 seconds 4.9
Scratch 11 update 42 seconds 5.65
Scratch 11 update 43 seconds 4.32
Scratch 11 update 44 seconds 5.37
Scratch 11 update 45 seconds 4.78
Scratch 11 update 46 seconds 5.43
Scratch 11 update 47 seconds 4.64
Scratch 11 update 48 seconds 5.31
Scratch 11 update 49 seconds 4.59
Scratch 11 update 50 seconds 5.64
Scratch 11 update 51 seconds 4.77
Scratch 11 update 52 seconds 5.26
Scratch 11 update 53 seconds 4.58
Scratch 11 update 54 seconds 5.56
Scratch 11 update 55 seconds 4.57
Scratch 11 update 56 seconds 5.45
Scratch 11 update 57 seconds 4.85
Scratch 11 update 58 seconds 5.32
Scratch 11 update 59 seconds 5.04
Scratch 11 update 60 seconds 5.53
Scratch 11 update 61 seconds 5.56
Scratch 11 update 62 seconds 4.56
Scratch 11 update 63 seconds 4.47
Scratch 11 update 64 seconds 4.7
Scratch 11 update 65 seconds 5.07
Scratch 11 update 66 seconds 5.14
Scratch 11 update 67 seconds 5.23
Scratch 11 update 68 seconds 5.27
Scratch 11 update 69 seconds 5.11
Scratch 11 update 70 seconds 5.13
Scratch 11 update 71 seconds 5.3
Scratch 11 update 72 seconds 5.95
Scratch 11 update 73 seconds 4.9
Scratch 11 update 74 seconds 5.59
Scratch 11 update 75 seconds 5.02
Scratch 11 update 76 seconds 5.5
Scratch 11 update 77 seconds 4.9
Scratch 11 update 78 seconds 5.67
Scratch 11 update 79 seconds 5.43
Scratch 11 update 80 seconds 5.89
Scratch 11 update 81 seconds 4.91
Scratch 11 update 82 seconds 5.69
Scratch 11 update 83 seconds 4.69
Scratch 11 update 84 seconds 4.73
Scratch 11 update 85 seconds 4.28
Scratch 11 update 86 seconds 4.51
Scratch 11 update 87 seconds 4.57
Scratch 11 update 88 seconds 4.39
Scratch 11 update 89 seconds 4.4
Scratch 11 update 90 seconds 4.33
Scratch 11 update 91 seconds 4.63
Scratch 11 update 92 seconds 4.4
Scratch 11 update 93 seconds 4.74
Scratch 11 update 94 seconds 4.35
Scratch 11 update 95 seconds 4.25
Scratch 11 update 96 seconds 4.21
Scratch 11 update 97 seconds 4.39
Scratch 11 update 98 seconds 5.32
Scratch 11 update 99 seconds 5.49
Scratch 11 update 100 seconds 5.72
