0 65 0.15
1 63 0.2125
2 64 0.605625
3 62 0.293125
4 65 0.0275
5 62 0.179375
6 59 0.129375
7 45 0.214375
8 32 0.329375
9 64 0.109375
10 80 0.083125
11 55 0.49875
12 75 0.218125
13 48 0.244375
14 68 0.305
15 35 0.249375
16 92 0.05625
17 62 0.344375
18 63 0.136875
19 59 0.25
20 62 0.436875
21 69 0.11
22 41 0.05875
23 64 0.304375
24 61 0.1
25 44 0.18625
26 34 0.541875
27 24 0.183125
28 2 0.025
29 62 0.5325
30 48 0.109375
31 58 0.2425
32 64 0.538125
33 59 0.523125
34 247 0.644375
35 62 0.380625
36 70 0.086875
37 27 0.234375
38 35 0.33
39 62 0.141875
