0 66 0.085625
1 62 0.363125
2 16 0.596875
3 63 0.05625
4 65 0.074375
5 59 0.529375
6 33 0.15625
7 63 0.2475
8 54 0.276875
9 63 0.378125
10 68 0.0925
11 63 0.549375
12 67 0.04875
13 63 0.490625
14 67 0.524375
15 62 0.02375
16 100 0.04875
17 64 0.346875
18 69 0.189375
19 64 0.475
20 56 0.295625
21 64 0.391875
22 18 0.05875
23 57 0.4
24 73 0.22875
25 64 0.459375
26 60 0.626875
27 51 0.478125
28 89 0.07875
29 62 0.625
30 76 0.13
31 59 0.305
32 36 0.288125
33 67 0.285
34 24 0.07
35 66 0.2525
36 70 0.063125
37 64 0.399375
38 41 0.3525
39 63 0.209375
