{"index": 0, "sequence": false, "steps": 1, "passed": true, "seconds": 20.68526080000447, "max_wall_diff_mm": 6.509667755353787e-06, "rmse_diff_mm": 1.3420667577257461e-08, "coverage_diff": 0.0, "ledger_error_ml": 0.0}
{"index": 2, "sequence": false, "steps": 1, "passed": true, "seconds": 117.56931699998677, "max_wall_diff_mm": 0.00015580609819017938, "rmse_diff_mm": 3.2736369659502884e-06, "coverage_diff": 0.0, "ledger_error_ml": 6.776263578034403e-14}
{"index": 4, "sequence": false, "steps": 1, "passed": true, "seconds": 143.59355600000708, "max_wall_diff_mm": 0.000990344841325839, "rmse_diff_mm": 4.766612247353308e-06, "coverage_diff": 0.0, "ledger_error_ml": 0.0}
{"index": 6, "sequence": false, "steps": 1, "passed": true, "seconds": 151.95001550001325, "max_wall_diff_mm": 1.795336004682132e-05, "rmse_diff_mm": 9.782274101866051e-09, "coverage_diff": 0.0, "ledger_error_ml": 9.486769009248164e-14}
{"index": 7, "sequence": false, "steps": 1, "passed": true, "seconds": 152.3886027999979, "max_wall_diff_mm": 0.00010237671601171774, "rmse_diff_mm": 2.2400920602905217e-06, "coverage_diff": 0.0, "ledger_error_ml": 9.486769009248164e-14}
{"index": 9, "sequence": false, "steps": 1, "passed": true, "seconds": 40.09814170000027, "max_wall_diff_mm": 0.00014947568401575174, "rmse_diff_mm": 3.5171748076212594e-06, "coverage_diff": 0.0, "ledger_error_ml": 2.710505431213761e-14}
{"index": 10, "sequence": false, "steps": 1, "passed": true, "seconds": 31.685976200009463, "max_wall_diff_mm": 2.4704256591360006e-05, "rmse_diff_mm": 7.258271650378845e-09, "coverage_diff": 0.0, "ledger_error_ml": 1.3552527156068805e-14}
{"index": 8, "sequence": false, "steps": 1, "passed": true, "seconds": 160.80373189999955, "max_wall_diff_mm": 0.00011009266418985617, "rmse_diff_mm": 4.744000343226418e-06, "coverage_diff": 0.0, "ledger_error_ml": 5.421010862427522e-14}
{"index": 3, "sequence": false, "steps": 1, "passed": true, "seconds": 183.69153680000454, "max_wall_diff_mm": 0.0006837334001316068, "rmse_diff_mm": 1.864228124714984e-05, "coverage_diff": 0.0, "ledger_error_ml": 4.0657581468206416e-14}
{"index": 1, "sequence": false, "steps": 1, "passed": true, "seconds": 205.304469900002, "max_wall_diff_mm": 0.001090643792376262, "rmse_diff_mm": 2.6682854035176007e-05, "coverage_diff": 0.0, "ledger_error_ml": 6.776263578034403e-14}
{"index": 5, "sequence": false, "steps": 1, "passed": true, "seconds": 279.83115019998513, "max_wall_diff_mm": 4.4207364830173144e-05, "rmse_diff_mm": 5.604566701844504e-07, "coverage_diff": 0.0, "ledger_error_ml": 5.421010862427522e-14}
{"index": 11, "sequence": false, "steps": 1, "passed": true, "seconds": 156.27110280000488, "max_wall_diff_mm": 3.4884712518096065e-05, "rmse_diff_mm": 6.956944464953096e-07, "coverage_diff": 0.0, "ledger_error_ml": 5.421010862427522e-14}
{"index": 16, "sequence": false, "steps": 1, "passed": true, "seconds": 127.24270000000251, "max_wall_diff_mm": 0.00019722911016724446, "rmse_diff_mm": 5.778035478520849e-06, "coverage_diff": 0.0, "ledger_error_ml": 2.710505431213761e-14}
{"index": 15, "sequence": false, "steps": 1, "passed": true, "seconds": 136.8078507000173, "max_wall_diff_mm": 4.009039847219879e-05, "rmse_diff_mm": 2.8641375160454174e-07, "coverage_diff": 0.0, "ledger_error_ml": 1.3552527156068805e-14}
{"index": 20, "sequence": false, "steps": 1, "passed": true, "seconds": 10.26601560000563, "max_wall_diff_mm": 0.000305142501076363, "rmse_diff_mm": 2.7537760016738133e-07, "coverage_diff": 0.0, "ledger_error_ml": 1.3552527156068805e-14}
{"index": 14, "sequence": false, "steps": 1, "passed": true, "seconds": 174.2706994000182, "max_wall_diff_mm": 0.000544140863258141, "rmse_diff_mm": 1.7314999261053288e-06, "coverage_diff": 0.0, "ledger_error_ml": 2.710505431213761e-14}
{"index": 18, "sequence": false, "steps": 1, "passed": true, "seconds": 72.09573729999829, "max_wall_diff_mm": 6.638245484883586e-05, "rmse_diff_mm": 6.294943681872667e-07, "coverage_diff": 0.0, "ledger_error_ml": 4.0657581468206416e-14}
{"index": 13, "sequence": false, "steps": 1, "passed": true, "seconds": 270.7011024999956, "max_wall_diff_mm": 0.0005508730118250352, "rmse_diff_mm": 1.5987463457545203e-06, "coverage_diff": 0.0, "ledger_error_ml": 0.0}
{"index": 17, "sequence": false, "steps": 1, "passed": true, "seconds": 240.92968550001387, "max_wall_diff_mm": 0.00018550134558122582, "rmse_diff_mm": 4.012511838347166e-06, "coverage_diff": 0.0, "ledger_error_ml": 1.3552527156068805e-14}
{"index": 24, "sequence": false, "steps": 1, "passed": true, "seconds": 95.18975550000323, "max_wall_diff_mm": 1.9712166741542913e-05, "rmse_diff_mm": 1.780669995898876e-07, "coverage_diff": 0.0, "ledger_error_ml": 8.131516293641283e-14}
{"index": 19, "sequence": false, "steps": 1, "passed": true, "seconds": 139.68177070000092, "max_wall_diff_mm": 0.001389957421877985, "rmse_diff_mm": 4.032749070148611e-05, "coverage_diff": 0.0, "ledger_error_ml": 4.0657581468206416e-14}
{"index": 12, "sequence": false, "steps": 1, "passed": true, "seconds": 305.3893868000014, "max_wall_diff_mm": 0.0015908053451613845, "rmse_diff_mm": 2.124698131544811e-06, "coverage_diff": 0.0, "ledger_error_ml": 4.0657581468206416e-14}
{"index": 25, "sequence": false, "steps": 1, "passed": true, "seconds": 53.14068119999138, "max_wall_diff_mm": 1.07619154176948e-05, "rmse_diff_mm": 3.381495705667703e-08, "coverage_diff": 0.0, "ledger_error_ml": 0.0}
{"index": 22, "sequence": false, "steps": 1, "passed": true, "seconds": 197.60678070000722, "max_wall_diff_mm": 0.0007707394015041059, "rmse_diff_mm": 5.109323900631679e-05, "coverage_diff": 0.0, "ledger_error_ml": 4.0657581468206416e-14}
{"index": 30, "sequence": false, "steps": 1, "passed": true, "seconds": 42.35361510000075, "max_wall_diff_mm": 0.0006408048362742947, "rmse_diff_mm": 6.572953434536011e-06, "coverage_diff": 0.0, "ledger_error_ml": 2.710505431213761e-14}
{"index": 29, "sequence": false, "steps": 1, "passed": true, "seconds": 83.18803210000624, "max_wall_diff_mm": 1.618177111776468e-05, "rmse_diff_mm": 3.2156838303265545e-08, "coverage_diff": 0.0, "ledger_error_ml": 1.3552527156068805e-14}
{"index": 28, "sequence": false, "steps": 1, "passed": true, "seconds": 104.50926709998748, "max_wall_diff_mm": 0.00085144992123613, "rmse_diff_mm": 4.412632275241357e-06, "coverage_diff": 0.0, "ledger_error_ml": 2.710505431213761e-14}
{"index": 26, "sequence": false, "steps": 1, "passed": true, "seconds": 124.30597230000421, "max_wall_diff_mm": 0.00017312836439013158, "rmse_diff_mm": 1.8813824720353978e-08, "coverage_diff": 0.0, "ledger_error_ml": 4.0657581468206416e-14}
{"index": 23, "sequence": false, "steps": 1, "passed": true, "seconds": 238.88712710002437, "max_wall_diff_mm": 0.00025356923054031404, "rmse_diff_mm": 5.4876528041702954e-06, "coverage_diff": 0.0, "ledger_error_ml": 2.710505431213761e-14}
{"index": 21, "sequence": false, "steps": 1, "passed": true, "seconds": 297.8635181999998, "max_wall_diff_mm": 0.0028554409540459675, "rmse_diff_mm": 7.606665240356136e-06, "coverage_diff": 0.0, "ledger_error_ml": 1.2197274440461925e-13}
{"index": 31, "sequence": false, "steps": 1, "passed": true, "seconds": 119.68832970000221, "max_wall_diff_mm": 3.300952031898939e-05, "rmse_diff_mm": 1.752353249173666e-07, "coverage_diff": 0.0, "ledger_error_ml": 1.3552527156068805e-14}
{"index": 35, "sequence": false, "steps": 1, "passed": true, "seconds": 70.31072730000596, "max_wall_diff_mm": 0.00032490454678948684, "rmse_diff_mm": 1.4912509426201481e-06, "coverage_diff": 0.0, "ledger_error_ml": 5.421010862427522e-14}
{"index": 27, "sequence": false, "steps": 1, "passed": true, "seconds": 217.37104579998413, "max_wall_diff_mm": 0.0002814217951658041, "rmse_diff_mm": 2.3863688802805427e-10, "coverage_diff": 0.0, "ledger_error_ml": 9.486769009248164e-14}
{"index": 40, "sequence": false, "steps": 1, "passed": true, "seconds": 32.141876400011824, "max_wall_diff_mm": 8.015686438634433e-06, "rmse_diff_mm": 2.3276961247375993e-08, "coverage_diff": 0.0, "ledger_error_ml": 2.710505431213761e-14}
{"index": 36, "sequence": false, "steps": 1, "passed": true, "seconds": 113.77054270001827, "max_wall_diff_mm": 0.00016942046687444371, "rmse_diff_mm": 4.704686230816435e-06, "coverage_diff": 0.0, "ledger_error_ml": 4.0657581468206416e-14}
{"index": 37, "sequence": false, "steps": 1, "passed": true, "seconds": 88.71812549998867, "max_wall_diff_mm": 0.0004711105830753059, "rmse_diff_mm": 4.104089181000692e-06, "coverage_diff": 0.0, "ledger_error_ml": 0.0}
{"index": 33, "sequence": false, "steps": 1, "passed": true, "seconds": 167.7555965000065, "max_wall_diff_mm": 0.00011828304371610893, "rmse_diff_mm": 1.8050233054900389e-06, "coverage_diff": 0.0, "ledger_error_ml": 1.3552527156068805e-14}
{"index": 32, "sequence": false, "steps": 1, "passed": true, "seconds": 187.81476660000044, "max_wall_diff_mm": 0.0008941037455428998, "rmse_diff_mm": 5.917383914866292e-06, "coverage_diff": 0.0, "ledger_error_ml": 1.3552527156068805e-14}
{"index": 34, "sequence": false, "steps": 1, "passed": true, "seconds": 166.77252300002147, "max_wall_diff_mm": 0.0002178619394382673, "rmse_diff_mm": 5.693259011785301e-06, "coverage_diff": 0.0, "ledger_error_ml": 1.0842021724855044e-13}
{"index": 45, "sequence": false, "steps": 1, "passed": true, "seconds": 107.8739708000212, "max_wall_diff_mm": 0.0001884925069727103, "rmse_diff_mm": 3.952240313576105e-06, "coverage_diff": 0.0, "ledger_error_ml": 1.3552527156068805e-14}
{"index": 43, "sequence": false, "steps": 1, "passed": true, "seconds": 116.52375709998887, "max_wall_diff_mm": 0.00018537725397966848, "rmse_diff_mm": 4.812748142457579e-06, "coverage_diff": 0.0, "ledger_error_ml": 4.0657581468206416e-14}
{"index": 46, "sequence": false, "steps": 1, "passed": true, "seconds": 107.76289920002455, "max_wall_diff_mm": 4.4905877921430626e-05, "rmse_diff_mm": 9.978238777463844e-07, "coverage_diff": 0.0, "ledger_error_ml": 1.3552527156068805e-14}
{"index": 38, "sequence": false, "steps": 1, "passed": true, "seconds": 201.1476621000038, "max_wall_diff_mm": 0.0005532302578796099, "rmse_diff_mm": 1.7189298242570317e-06, "coverage_diff": 0.0, "ledger_error_ml": 1.3552527156068805e-14}
{"index": 44, "sequence": false, "steps": 1, "passed": true, "seconds": 145.1928743000026, "max_wall_diff_mm": 0.0004808234514859608, "rmse_diff_mm": 1.735531224178466e-06, "coverage_diff": 0.0, "ledger_error_ml": 0.0}
{"index": 50, "sequence": false, "steps": 1, "passed": true, "seconds": 44.60161640000297, "max_wall_diff_mm": 0.0, "rmse_diff_mm": 0.0, "coverage_diff": 0.0, "ledger_error_ml": 0.0}
{"index": 39, "sequence": false, "steps": 1, "passed": true, "seconds": 244.3954650000087, "max_wall_diff_mm": 2.0826262028637815e-05, "rmse_diff_mm": 7.970181925553987e-08, "coverage_diff": 0.0, "ledger_error_ml": 6.776263578034403e-14}
{"index": 41, "sequence": false, "steps": 1, "passed": true, "seconds": 199.29899359997944, "max_wall_diff_mm": 0.000879441275752346, "rmse_diff_mm": 3.874491922561951e-05, "coverage_diff": 0.0, "ledger_error_ml": 5.421010862427522e-14}
{"index": 42, "sequence": false, "steps": 1, "passed": true, "seconds": 212.53186529999948, "max_wall_diff_mm": 0.000720734997393033, "rmse_diff_mm": 2.4459536058785147e-05, "coverage_diff": 0.0, "ledger_error_ml": 4.0657581468206416e-14}
{"index": 48, "sequence": false, "steps": 1, "passed": true, "seconds": 95.04532069998095, "max_wall_diff_mm": 0.0, "rmse_diff_mm": 0.0, "coverage_diff": 0.0, "ledger_error_ml": 0.0}
{"index": 52, "sequence": false, "steps": 1, "passed": true, "seconds": 53.59980969998287, "max_wall_diff_mm": 0.0, "rmse_diff_mm": 0.0, "coverage_diff": 0.0, "ledger_error_ml": 0.0}
{"index": 53, "sequence": false, "steps": 1, "passed": true, "seconds": 70.39878020001925, "max_wall_diff_mm": 0.0, "rmse_diff_mm": 0.0, "coverage_diff": 0.0, "ledger_error_ml": 0.0}
{"index": 49, "sequence": false, "steps": 1, "passed": true, "seconds": 133.26182340001105, "max_wall_diff_mm": 0.0, "rmse_diff_mm": 0.0, "coverage_diff": 0.0, "ledger_error_ml": 0.0}
{"index": 55, "sequence": false, "steps": 1, "passed": true, "seconds": 99.91543230001116, "max_wall_diff_mm": 0.0, "rmse_diff_mm": 0.0, "coverage_diff": 0.0, "ledger_error_ml": 0.0}
{"index": 54, "sequence": false, "steps": 1, "passed": true, "seconds": 123.15717510000104, "max_wall_diff_mm": 0.0, "rmse_diff_mm": 0.0, "coverage_diff": 0.0, "ledger_error_ml": 0.0}
{"index": 60, "sequence": false, "steps": 1, "passed": true, "seconds": 16.544456500007072, "max_wall_diff_mm": 4.945909033215957e-06, "rmse_diff_mm": 1.7308486643941023e-08, "coverage_diff": 0.0, "ledger_error_ml": 0.0}
{"index": 51, "sequence": false, "steps": 1, "passed": true, "seconds": 179.21852959998068, "max_wall_diff_mm": 0.0, "rmse_diff_mm": 0.0, "coverage_diff": 0.0, "ledger_error_ml": 0.0}
{"index": 57, "sequence": false, "steps": 1, "passed": true, "seconds": 117.43696059999638, "max_wall_diff_mm": 0.0, "rmse_diff_mm": 0.0, "coverage_diff": 0.0, "ledger_error_ml": 0.0}
{"index": 47, "sequence": false, "steps": 1, "passed": true, "seconds": 237.786351799994, "max_wall_diff_mm": 7.424918862860706e-05, "rmse_diff_mm": 6.590894396918401e-08, "coverage_diff": 0.0, "ledger_error_ml": 1.3552527156068805e-14}
{"index": 65, "sequence": false, "steps": 1, "passed": true, "seconds": 49.72437560002436, "max_wall_diff_mm": 3.4902276268241437e-06, "rmse_diff_mm": 1.9272593854147146e-08, "coverage_diff": 0.0, "ledger_error_ml": 2.710505431213761e-14}
{"index": 58, "sequence": false, "steps": 1, "passed": true, "seconds": 178.59867180002038, "max_wall_diff_mm": 0.0, "rmse_diff_mm": 0.0, "coverage_diff": 0.0, "ledger_error_ml": 0.0}
{"index": 56, "sequence": false, "steps": 1, "passed": true, "seconds": 219.98906239998178, "max_wall_diff_mm": 0.0, "rmse_diff_mm": 0.0, "coverage_diff": 0.0, "ledger_error_ml": 0.0}
{"index": 62, "sequence": false, "steps": 1, "passed": true, "seconds": 120.89112749998458, "max_wall_diff_mm": 4.78812106472935e-05, "rmse_diff_mm": 1.2219308858085753e-06, "coverage_diff": 0.0, "ledger_error_ml": 1.3552527156068805e-14}
{"index": 59, "sequence": false, "steps": 1, "passed": true, "seconds": 208.12457479999284, "max_wall_diff_mm": 0.0, "rmse_diff_mm": 0.0, "coverage_diff": 0.0, "ledger_error_ml": 0.0}
{"index": 66, "sequence": false, "steps": 1, "passed": true, "seconds": 103.3983145999955, "max_wall_diff_mm": 0.0003445379668185554, "rmse_diff_mm": 3.107955673486984e-06, "coverage_diff": 0.0, "ledger_error_ml": 8.131516293641283e-14}
{"index": 70, "sequence": false, "steps": 1, "passed": true, "seconds": 52.25162150000688, "max_wall_diff_mm": 0.00015540507244241717, "rmse_diff_mm": 2.844542326130295e-07, "coverage_diff": 0.0, "ledger_error_ml": 1.0842021724855044e-13}
{"index": 63, "sequence": false, "steps": 1, "passed": true, "seconds": 204.91348880002624, "max_wall_diff_mm": 0.007919175812978152, "rmse_diff_mm": 0.00016107365282702624, "coverage_diff": 0.0, "ledger_error_ml": 4.0657581468206416e-14}
{"index": 61, "sequence": false, "steps": 1, "passed": true, "seconds": 227.65809270000318, "max_wall_diff_mm": 0.00015073940509746956, "rmse_diff_mm": 7.217877784349014e-07, "coverage_diff": 0.0, "ledger_error_ml": 5.421010862427522e-14}
{"index": 64, "sequence": false, "steps": 1, "passed": true, "seconds": 199.67229089999455, "max_wall_diff_mm": 0.0005117433255606792, "rmse_diff_mm": 1.1709206069410172e-05, "coverage_diff": 0.0, "ledger_error_ml": 2.710505431213761e-14}
{"index": 69, "sequence": false, "steps": 1, "passed": true, "seconds": 108.97814490000019, "max_wall_diff_mm": 5.924432638908402e-05, "rmse_diff_mm": 8.397403095106171e-08, "coverage_diff": 0.0, "ledger_error_ml": 5.421010862427522e-14}
{"index": 67, "sequence": false, "steps": 1, "passed": true, "seconds": 139.3964042000007, "max_wall_diff_mm": 7.885562958546841e-05, "rmse_diff_mm": 6.586862577595554e-07, "coverage_diff": 0.0, "ledger_error_ml": 1.3552527156068805e-14}
{"index": 68, "sequence": false, "steps": 1, "passed": true, "seconds": 150.3791465999966, "max_wall_diff_mm": 3.303519715505026e-05, "rmse_diff_mm": 4.483081972317393e-08, "coverage_diff": 0.0, "ledger_error_ml": 4.0657581468206416e-14}
{"index": 72, "sequence": false, "steps": 1, "passed": true, "seconds": 88.29240090001258, "max_wall_diff_mm": 4.40591220831226e-05, "rmse_diff_mm": 1.2819381467465973e-07, "coverage_diff": 0.0, "ledger_error_ml": 0.0}
{"index": 71, "sequence": false, "steps": 1, "passed": true, "seconds": 123.28413259997615, "max_wall_diff_mm": 0.00084908341640364, "rmse_diff_mm": 9.892613063611222e-06, "coverage_diff": 0.0, "ledger_error_ml": 2.710505431213761e-14}
{"index": 80, "sequence": false, "steps": 1, "passed": true, "seconds": 30.817561300005764, "max_wall_diff_mm": 6.128342022369647e-05, "rmse_diff_mm": 2.828724643411107e-08, "coverage_diff": 0.0, "ledger_error_ml": 1.3552527156068805e-14}
{"index": 77, "sequence": false, "steps": 1, "passed": true, "seconds": 111.69930599999498, "max_wall_diff_mm": 2.4166525208067004e-05, "rmse_diff_mm": 6.45951960809299e-08, "coverage_diff": 0.0, "ledger_error_ml": 8.131516293641283e-14}
{"index": 74, "sequence": false, "steps": 1, "passed": true, "seconds": 170.7655620999867, "max_wall_diff_mm": 0.0007957156410596024, "rmse_diff_mm": 2.601617887787455e-07, "coverage_diff": 0.0, "ledger_error_ml": 2.710505431213761e-14}
{"index": 78, "sequence": false, "steps": 1, "passed": true, "seconds": 155.83079809998162, "max_wall_diff_mm": 0.00025932821019289463, "rmse_diff_mm": 1.5695194480747077e-06, "coverage_diff": 0.0, "ledger_error_ml": 2.710505431213761e-14}
{"index": 82, "sequence": false, "steps": 1, "passed": true, "seconds": 63.5602513999911, "max_wall_diff_mm": 5.229176089271691e-05, "rmse_diff_mm": 5.213369629331055e-07, "coverage_diff": 0.0, "ledger_error_ml": 2.710505431213761e-14}
{"index": 76, "sequence": false, "steps": 1, "passed": true, "seconds": 204.5025394000113, "max_wall_diff_mm": 0.0031350742134139595, "rmse_diff_mm": 4.0022006217999007e-05, "coverage_diff": 0.0006249999999999867, "ledger_error_ml": 1.3552527156068805e-14}
{"index": 73, "sequence": false, "steps": 1, "passed": true, "seconds": 233.83292350001284, "max_wall_diff_mm": 0.0003289787021815274, "rmse_diff_mm": 1.4827612904166898e-06, "coverage_diff": 0.0, "ledger_error_ml": 2.710505431213761e-14}
{"index": 81, "sequence": false, "steps": 1, "passed": true, "seconds": 147.132972899999, "max_wall_diff_mm": 0.00010917943536789922, "rmse_diff_mm": 3.4788608478386607e-06, "coverage_diff": 0.0, "ledger_error_ml": 2.710505431213761e-14}
{"index": 79, "sequence": false, "steps": 1, "passed": true, "seconds": 228.56205389997922, "max_wall_diff_mm": 3.478550965408723e-05, "rmse_diff_mm": 2.28826217973932e-07, "coverage_diff": 0.0, "ledger_error_ml": 1.3552527156068805e-14}
{"index": 85, "sequence": false, "steps": 1, "passed": true, "seconds": 93.891283200006, "max_wall_diff_mm": 5.514512211613722e-06, "rmse_diff_mm": 3.3705455870780554e-08, "coverage_diff": 0.0, "ledger_error_ml": 1.3552527156068805e-13}
{"index": 90, "sequence": false, "steps": 1, "passed": true, "seconds": 15.239517000009073, "max_wall_diff_mm": 9.307692036809101e-06, "rmse_diff_mm": 4.283000709648377e-08, "coverage_diff": 0.0, "ledger_error_ml": 5.421010862427522e-14}
{"index": 75, "sequence": false, "steps": 1, "passed": true, "seconds": 308.9925364999799, "max_wall_diff_mm": 0.0012643549309697476, "rmse_diff_mm": 2.3502357035409815e-05, "coverage_diff": 0.0, "ledger_error_ml": 1.0842021724855044e-13}
{"index": 87, "sequence": false, "steps": 1, "passed": true, "seconds": 101.78632169999764, "max_wall_diff_mm": 0.0001320833175575496, "rmse_diff_mm": 2.7041427008711594e-07, "coverage_diff": 0.0, "ledger_error_ml": 1.3552527156068805e-14}
{"index": 83, "sequence": false, "steps": 1, "passed": true, "seconds": 180.90438650001306, "max_wall_diff_mm": 0.000778304617342308, "rmse_diff_mm": 1.8024121184012643e-05, "coverage_diff": 0.0, "ledger_error_ml": 1.3552527156068805e-14}
{"index": 89, "sequence": false, "steps": 1, "passed": true, "seconds": 90.92000060001737, "max_wall_diff_mm": 0.00020786623465233423, "rmse_diff_mm": 2.2546041170690145e-06, "coverage_diff": 0.0, "ledger_error_ml": 1.3552527156068805e-14}
{"index": 88, "sequence": false, "steps": 1, "passed": true, "seconds": 139.71977809999953, "max_wall_diff_mm": 2.3545569244963083e-05, "rmse_diff_mm": 8.068018042539649e-08, "coverage_diff": 0.0, "ledger_error_ml": 5.421010862427522e-14}
{"index": 91, "sequence": false, "steps": 1, "passed": true, "seconds": 100.52507269999478, "max_wall_diff_mm": 0.0013029762052861515, "rmse_diff_mm": 2.114839041922334e-05, "coverage_diff": 0.0, "ledger_error_ml": 2.710505431213761e-14}
{"index": 84, "sequence": false, "steps": 1, "passed": true, "seconds": 237.8779490000161, "max_wall_diff_mm": 1.3063520976989556e-05, "rmse_diff_mm": 3.8316989225961606e-07, "coverage_diff": 0.0, "ledger_error_ml": 1.3552527156068805e-14}
{"index": 97, "sequence": false, "steps": 1, "passed": true, "seconds": 75.84895020001568, "max_wall_diff_mm": 0.0002450750694183741, "rmse_diff_mm": 1.0466785753115992e-05, "coverage_diff": 0.0, "ledger_error_ml": 4.0657581468206416e-14}
{"index": 92, "sequence": false, "steps": 1, "passed": true, "seconds": 173.68842099999893, "max_wall_diff_mm": 0.0007722137014575044, "rmse_diff_mm": 3.6118678881313926e-05, "coverage_diff": 0.0, "ledger_error_ml": 1.3552527156068805e-14}
{"index": 98, "sequence": false, "steps": 1, "passed": true, "seconds": 81.5696656999935, "max_wall_diff_mm": 0.00048156562460566964, "rmse_diff_mm": 1.4098091051684136e-05, "coverage_diff": 0.0, "ledger_error_ml": 4.0657581468206416e-14}
{"index": 86, "sequence": false, "steps": 1, "passed": true, "seconds": 300.40715360001195, "max_wall_diff_mm": 6.787497428809738e-05, "rmse_diff_mm": 2.434200017109589e-07, "coverage_diff": 0.0, "ledger_error_ml": 4.0657581468206416e-14}
{"index": 93, "sequence": false, "steps": 1, "passed": true, "seconds": 199.6208383999765, "max_wall_diff_mm": 8.621226343070719e-05, "rmse_diff_mm": 6.139362873636145e-08, "coverage_diff": 0.0, "ledger_error_ml": 2.710505431213761e-14}
{"index": 99, "sequence": false, "steps": 1, "passed": true, "seconds": 48.97274529997958, "max_wall_diff_mm": 0.0007871921990984037, "rmse_diff_mm": 1.3828701486029438e-05, "coverage_diff": 0.0, "ledger_error_ml": 4.0657581468206416e-14}
{"index": 94, "sequence": false, "steps": 1, "passed": true, "seconds": 299.7669772999943, "max_wall_diff_mm": 1.2757124492250669e-05, "rmse_diff_mm": 1.217737986003442e-07, "coverage_diff": 0.0, "ledger_error_ml": 1.4907779871675686e-13}
{"index": 96, "sequence": false, "steps": 1, "passed": true, "seconds": 257.8407319999824, "max_wall_diff_mm": 1.578029598302505e-05, "rmse_diff_mm": 3.962792982648011e-08, "coverage_diff": 0.0, "ledger_error_ml": 6.776263578034403e-14}
{"index": 95, "sequence": false, "steps": 1, "passed": true, "seconds": 315.3664534999989, "max_wall_diff_mm": 3.272823625202455e-05, "rmse_diff_mm": 6.326552814961417e-08, "coverage_diff": 0.0, "ledger_error_ml": 8.131516293641283e-14}
