Collecting numpy==2.5.3 (from -r D:\project\VLA\dummy-arm-lab\requirements\core.txt (line 1))
  Downloading numpy-2.5.3-cp312-cp312-win_amd64.whl.metadata (6.6 kB)
Collecting mujoco==3.13.0 (from -r D:\project\VLA\dummy-arm-lab\requirements\core.txt (line 2))
  Downloading mujoco-3.13.0-cp312-cp312-win_amd64.whl.metadata (237 kB)
Collecting pyserial==3.5 (from -r D:\project\VLA\dummy-arm-lab\requirements\core.txt (line 3))
  Downloading pyserial-3.5-py2.py3-none-any.whl.metadata (1.6 kB)
Collecting pillow==12.3.0 (from -r D:\project\VLA\dummy-arm-lab\requirements\gui.txt (line 2))
  Downloading pillow-12.3.0-cp312-cp312-win_amd64.whl.metadata (9.3 kB)
Collecting pyusb==1.3.1 (from -r D:\project\VLA\dummy-arm-lab\requirements\gui.txt (line 3))
  Downloading pyusb-1.3.1-py3-none-any.whl.metadata (2.5 kB)
Collecting libusb-package==1.0.30.0 (from -r D:\project\VLA\dummy-arm-lab\requirements\gui.txt (line 4))
  Downloading libusb_package-1.0.30.0-py3-none-win_amd64.whl.metadata (6.3 kB)
Collecting jsonschema>=4.18 (from -r D:\project\VLA\dummy-arm-lab\requirements\dev.txt (line 5))
  Using cached jsonschema-4.26.0-py3-none-any.whl.metadata (7.6 kB)
Collecting absl-py (from mujoco==3.13.0->-r D:\project\VLA\dummy-arm-lab\requirements\core.txt (line 2))
  Downloading absl_py-2.5.0-py3-none-any.whl.metadata (3.3 kB)
Collecting etils[epath] (from mujoco==3.13.0->-r D:\project\VLA\dummy-arm-lab\requirements\core.txt (line 2))
  Downloading etils-1.14.0-py3-none-any.whl.metadata (6.5 kB)
Collecting glfw (from mujoco==3.13.0->-r D:\project\VLA\dummy-arm-lab\requirements\core.txt (line 2))
  Downloading glfw-2.10.2-py2.py3-none-win_amd64.whl.metadata (5.5 kB)
Collecting pyopengl (from mujoco==3.13.0->-r D:\project\VLA\dummy-arm-lab\requirements\core.txt (line 2))
  Downloading pyopengl-3.1.10-py3-none-any.whl.metadata (3.3 kB)
Collecting importlib_resources (from libusb-package==1.0.30.0->-r D:\project\VLA\dummy-arm-lab\requirements\gui.txt (line 4))
  Downloading importlib_resources-7.1.0-py3-none-any.whl.metadata (4.0 kB)
Collecting attrs>=22.2.0 (from jsonschema>=4.18->-r D:\project\VLA\dummy-arm-lab\requirements\dev.txt (line 5))
  Using cached attrs-26.1.0-py3-none-any.whl.metadata (8.8 kB)
Collecting jsonschema-specifications>=2023.03.6 (from jsonschema>=4.18->-r D:\project\VLA\dummy-arm-lab\requirements\dev.txt (line 5))
  Using cached jsonschema_specifications-2025.9.1-py3-none-any.whl.metadata (2.9 kB)
Collecting referencing>=0.28.4 (from jsonschema>=4.18->-r D:\project\VLA\dummy-arm-lab\requirements\dev.txt (line 5))
  Using cached referencing-0.37.0-py3-none-any.whl.metadata (2.8 kB)
Collecting rpds-py>=0.25.0 (from jsonschema>=4.18->-r D:\project\VLA\dummy-arm-lab\requirements\dev.txt (line 5))
  Using cached rpds_py-2026.6.3-cp312-cp312-win_amd64.whl.metadata (4.2 kB)
Collecting typing-extensions>=4.4.0 (from referencing>=0.28.4->jsonschema>=4.18->-r D:\project\VLA\dummy-arm-lab\requirements\dev.txt (line 5))
  Using cached typing_extensions-4.16.0-py3-none-any.whl.metadata (3.3 kB)
Collecting fsspec (from etils[epath]->mujoco==3.13.0->-r D:\project\VLA\dummy-arm-lab\requirements\core.txt (line 2))
  Downloading fsspec-2026.7.0-py3-none-any.whl.metadata (10 kB)
Collecting zipp (from etils[epath]->mujoco==3.13.0->-r D:\project\VLA\dummy-arm-lab\requirements\core.txt (line 2))
  Downloading zipp-4.1.0-py3-none-any.whl.metadata (3.6 kB)
Downloading numpy-2.5.3-cp312-cp312-win_amd64.whl (12.6 MB)
   ---------------------------------------- 12.6/12.6 MB 21.3 MB/s  0:00:00
Downloading mujoco-3.13.0-cp312-cp312-win_amd64.whl (17.2 MB)
   ---------------------------------------- 17.2/17.2 MB 26.5 MB/s  0:00:00
Downloading pyserial-3.5-py2.py3-none-any.whl (90 kB)
Downloading pillow-12.3.0-cp312-cp312-win_amd64.whl (7.2 MB)
   ---------------------------------------- 7.2/7.2 MB 29.8 MB/s  0:00:00
Downloading pyusb-1.3.1-py3-none-any.whl (58 kB)
Downloading libusb_package-1.0.30.0-py3-none-win_amd64.whl (90 kB)
Using cached jsonschema-4.26.0-py3-none-any.whl (90 kB)
Using cached attrs-26.1.0-py3-none-any.whl (67 kB)
Using cached jsonschema_specifications-2025.9.1-py3-none-any.whl (18 kB)
Using cached referencing-0.37.0-py3-none-any.whl (26 kB)
Using cached rpds_py-2026.6.3-cp312-cp312-win_amd64.whl (220 kB)
Using cached typing_extensions-4.16.0-py3-none-any.whl (45 kB)
Downloading absl_py-2.5.0-py3-none-any.whl (137 kB)
Downloading etils-1.14.0-py3-none-any.whl (172 kB)
Downloading fsspec-2026.7.0-py3-none-any.whl (206 kB)
Downloading glfw-2.10.2-py2.py3-none-win_amd64.whl (564 kB)
   ---------------------------------------- 564.4/564.4 kB 18.9 MB/s  0:00:00
Downloading importlib_resources-7.1.0-py3-none-any.whl (37 kB)
Downloading pyopengl-3.1.10-py3-none-any.whl (3.2 MB)
   ---------------------------------------- 3.2/3.2 MB 31.2 MB/s  0:00:00
Downloading zipp-4.1.0-py3-none-any.whl (10 kB)
Installing collected packages: pyserial, pyopengl, glfw, zipp, typing-extensions, rpds-py, pyusb, pillow, numpy, importlib_resources, fsspec, etils, attrs, absl-py, referencing, libusb-package, jsonschema-specifications, mujoco, jsonschema

Successfully installed absl-py-2.5.0 attrs-26.1.0 etils-1.14.0 fsspec-2026.7.0 glfw-2.10.2 importlib_resources-7.1.0 jsonschema-4.26.0 jsonschema-specifications-2025.9.1 libusb-package-1.0.30.0 mujoco-3.13.0 numpy-2.5.3 pillow-12.3.0 pyopengl-3.1.10 pyserial-3.5 pyusb-1.3.1 referencing-0.37.0 rpds-py-2026.6.3 typing-extensions-4.16.0 zipp-4.1.0
