RL1 11 update 329 seconds 9.99
RL1 11 update 330 seconds 9.69
RL1 11 update 331 seconds 9.35
RL1 11 update 332 seconds 9.39
RL1 11 update 333 seconds 9.66
RL1 11 update 334 seconds 9.7
RL1 11 update 335 seconds 9.43
RL1 11 update 336 seconds 9.29
RL1 11 update 337 seconds 9.66
RL1 11 update 338 seconds 9.77
RL1 11 update 339 seconds 9.77
RL1 11 update 340 seconds 9.9
RL1 11 update 341 seconds 9.59
RL1 11 update 342 seconds 9.68
RL1 11 update 343 seconds 9.74
RL1 11 update 344 seconds 9.55
RL1 11 update 345 seconds 10.17
RL1 11 update 346 seconds 10.13
RL1 11 update 347 seconds 10.11
RL1 11 update 348 seconds 9.39
RL1 11 update 349 seconds 9.55
RL1 11 update 350 seconds 9.84
RL1 11 update 351 seconds 10.05
RL1 11 update 352 seconds 10.23
RL1 11 update 353 seconds 9.65
RL1 11 update 354 seconds 9.61
RL1 11 update 355 seconds 9.81
RL1 11 update 356 seconds 9.23
RL1 11 update 357 seconds 10.07
RL1 11 update 358 seconds 9.54
RL1 11 update 359 seconds 9.88
RL1 11 update 360 seconds 9.59
RL1 11 update 361 seconds 9.88
RL1 11 update 362 seconds 9.62
RL1 11 update 363 seconds 10.03
RL1 11 update 364 seconds 9.91
RL1 11 update 365 seconds 9.46
RL1 11 update 366 seconds 9.38
RL1 11 update 367 seconds 9.72
RL1 11 update 368 seconds 9.77
RL1 11 update 369 seconds 9.78
RL1 11 update 370 seconds 9.37
RL1 11 update 371 seconds 9.54
RL1 11 update 372 seconds 9.73
RL1 11 update 373 seconds 9.79
RL1 11 update 374 seconds 9.74
RL1 11 update 375 seconds 9.79
RL1 11 update 376 seconds 10.36
RL1 11 update 377 seconds 9.8
RL1 11 update 378 seconds 9.61
RL1 11 update 379 seconds 9.66
RL1 11 update 380 seconds 9.44
RL1 11 update 381 seconds 9.97
RL1 11 update 382 seconds 9.94
RL1 11 update 383 seconds 9.46
RL1 11 update 384 seconds 9.58
RL1 11 update 385 seconds 9.73
RL1 11 update 386 seconds 10.11
RL1 11 update 387 seconds 10.12
RL1 11 update 388 seconds 9.86
RL1 11 update 389 seconds 9.68
RL1 11 update 390 seconds 9.84
RL1 11 update 391 seconds 9.73
RL1 11 update 392 seconds 9.64
RL1 11 update 393 seconds 9.27
RL1 11 update 394 seconds 9.87
RL1 11 update 395 seconds 9.48
RL1 11 update 396 seconds 9.54
RL1 11 update 397 seconds 9.5
RL1 11 update 398 seconds 10.49
RL1 11 update 399 seconds 10.19
RL1 11 update 400 seconds 9.71
