teacher_done 0.20796201607012416
20000 bare 0.0519 -23.553
20001 partial 0.1738 -25.091
20002 bare 0.149 -48.364
20003 partial 0.1738 -25.293
20004 bare 0.2958 -36.368
20005 bare 0.3514 -49.504
20006 partial 0.103 -30.489
20007 bare 0.2359 -22.642
20008 bare 0.1293 -50.405
20009 partial 0.1833 -47.562
20010 bare 0.1483 -43.647
20011 partial 0.206 -24.005
20012 partial 0.2089 -39.957
20013 bare 0.1161 -23.402
20014 bare 0.1972 -36.057
20015 bare 0.2929 -41.493
20016 bare 0.1476 -41.024
20017 bare 0.2184 -48.049
20018 bare 0.2586 -35.3
20019 partial 0.2294 -34.097
20020 bare 0.2812 -31.717
20021 partial 0.2199 -24.009
20022 bare 0.149 -43.717
20023 bare 0.0789 -27.574
20024 partial 0.1899 -46.967
20025 bare 0.271 -46.219
20026 partial 0.2907 -43.63
20027 bare 0.2462 -54.164
20028 partial 0.1388 -28.186
20029 partial 0.3214 -49.957
BEST_BARE 20005 0.35135135135135137
